Archive member included because of file (symbol)

c:/winavr-20100110/bin/../lib/gcc/avr/4.3.3/avr5\libgcc.a(_udivmodqi4.o)
                              ./device.o (__udivmodqi4)
c:/winavr-20100110/bin/../lib/gcc/avr/4.3.3/avr5\libgcc.a(_udivmodhi4.o)
                              ./Source/queue.o (__udivmodhi4)
c:/winavr-20100110/bin/../lib/gcc/avr/4.3.3/avr5\libgcc.a(_divmodhi4.o)
                              ./poller.o (__divmodhi4)
c:/winavr-20100110/bin/../lib/gcc/avr/4.3.3/avr5\libgcc.a(_exit.o)
                              c:/winavr-20100110/bin/../lib/gcc/avr/4.3.3/../../../../avr/lib/avr5/crtm64.o (exit)
c:/winavr-20100110/bin/../lib/gcc/avr/4.3.3/avr5\libgcc.a(_copy_data.o)
                              ./Source/tasks.o (__do_copy_data)
c:/winavr-20100110/bin/../lib/gcc/avr/4.3.3/avr5\libgcc.a(_clear_bss.o)
                              ./Source/portable/MemMang/heap_1.o (__do_clear_bss)
c:/winavr-20100110/bin/../lib/gcc/avr/4.3.3/avr5\libgcc.a(_fixunssfsi.o)
                              ./Timer1_PWM.o (__fixunssfsi)
c:/winavr-20100110/bin/../lib/gcc/avr/4.3.3/avr5\libgcc.a(_addsub_sf.o)
                              c:/winavr-20100110/bin/../lib/gcc/avr/4.3.3/avr5\libgcc.a(_fixunssfsi.o) (__subsf3)
c:/winavr-20100110/bin/../lib/gcc/avr/4.3.3/avr5\libgcc.a(_mul_sf.o)
                              ./Timer1_PWM.o (__mulsf3)
c:/winavr-20100110/bin/../lib/gcc/avr/4.3.3/avr5\libgcc.a(_div_sf.o)
                              ./Timer1_PWM.o (__divsf3)
c:/winavr-20100110/bin/../lib/gcc/avr/4.3.3/avr5\libgcc.a(_gt_sf.o)
                              ./lcd.o (__gtsf2)
c:/winavr-20100110/bin/../lib/gcc/avr/4.3.3/avr5\libgcc.a(_ge_sf.o)
                              c:/winavr-20100110/bin/../lib/gcc/avr/4.3.3/avr5\libgcc.a(_fixunssfsi.o) (__gesf2)
c:/winavr-20100110/bin/../lib/gcc/avr/4.3.3/avr5\libgcc.a(_lt_sf.o)
                              ./lcd.o (__ltsf2)
c:/winavr-20100110/bin/../lib/gcc/avr/4.3.3/avr5\libgcc.a(_sf_to_si.o)
                              c:/winavr-20100110/bin/../lib/gcc/avr/4.3.3/avr5\libgcc.a(_fixunssfsi.o) (__fixsfsi)
c:/winavr-20100110/bin/../lib/gcc/avr/4.3.3/avr5\libgcc.a(_thenan_sf.o)
                              c:/winavr-20100110/bin/../lib/gcc/avr/4.3.3/avr5\libgcc.a(_addsub_sf.o) (__thenan_sf)
c:/winavr-20100110/bin/../lib/gcc/avr/4.3.3/avr5\libgcc.a(_usi_to_sf.o)
                              ./Timer1_PWM.o (__floatunsisf)
c:/winavr-20100110/bin/../lib/gcc/avr/4.3.3/avr5\libgcc.a(_prologue.o)
                              c:/winavr-20100110/bin/../lib/gcc/avr/4.3.3/avr5\libgcc.a(_addsub_sf.o) (__prologue_saves__)
c:/winavr-20100110/bin/../lib/gcc/avr/4.3.3/avr5\libgcc.a(_epilogue.o)
                              c:/winavr-20100110/bin/../lib/gcc/avr/4.3.3/avr5\libgcc.a(_addsub_sf.o) (__epilogue_restores__)
c:/winavr-20100110/bin/../lib/gcc/avr/4.3.3/avr5\libgcc.a(_clzsi2.o)
                              c:/winavr-20100110/bin/../lib/gcc/avr/4.3.3/avr5\libgcc.a(_usi_to_sf.o) (__clzsi2)
c:/winavr-20100110/bin/../lib/gcc/avr/4.3.3/avr5\libgcc.a(_pack_sf.o)
                              c:/winavr-20100110/bin/../lib/gcc/avr/4.3.3/avr5\libgcc.a(_addsub_sf.o) (__pack_f)
c:/winavr-20100110/bin/../lib/gcc/avr/4.3.3/avr5\libgcc.a(_unpack_sf.o)
                              c:/winavr-20100110/bin/../lib/gcc/avr/4.3.3/avr5\libgcc.a(_addsub_sf.o) (__unpack_f)
c:/winavr-20100110/bin/../lib/gcc/avr/4.3.3/avr5\libgcc.a(_fpcmp_parts_sf.o)
                              c:/winavr-20100110/bin/../lib/gcc/avr/4.3.3/avr5\libgcc.a(_gt_sf.o) (__fpcmp_parts_f)
c:/winavr-20100110/bin/../lib/gcc/avr/4.3.3/avr5\libgcc.a(_clz.o)
                              c:/winavr-20100110/bin/../lib/gcc/avr/4.3.3/avr5\libgcc.a(_clzsi2.o) (__clz_tab)
c:/winavr-20100110/bin/../lib/gcc/avr/4.3.3/../../../../avr/lib/avr5\libc.a(memcpy.o)
                              ./Source/queue.o (memcpy)
c:/winavr-20100110/bin/../lib/gcc/avr/4.3.3/../../../../avr/lib/avr5\libc.a(memset.o)
                              ./Source/tasks.o (memset)
c:/winavr-20100110/bin/../lib/gcc/avr/4.3.3/../../../../avr/lib/avr5\libc.a(itoa.o)
                              ./lcd.o (itoa)
c:/winavr-20100110/bin/../lib/gcc/avr/4.3.3/../../../../avr/lib/avr5\libc.a(strrev.o)
                              c:/winavr-20100110/bin/../lib/gcc/avr/4.3.3/../../../../avr/lib/avr5\libc.a(itoa.o) (strrev)

Allocating common symbols
Common symbol       size              file

task3ptr            0x2               ./main.o
task2ptr            0x2               ./main.o
task1ptr            0x2               ./main.o
xTimer2             0x2               ./main.o
data                0x1               ./device.o

Memory Configuration

Name             Origin             Length             Attributes
text             0x00000000         0x00020000         xr
data             0x00800060         0x0000ffa0         rw !x
eeprom           0x00810000         0x00010000         rw !x
fuse             0x00820000         0x00000400         rw !x
lock             0x00830000         0x00000400         rw !x
signature        0x00840000         0x00000400         rw !x
*default*        0x00000000         0xffffffff

Linker script and memory map

Address of section .data set to 0x800100
LOAD c:/winavr-20100110/bin/../lib/gcc/avr/4.3.3/../../../../avr/lib/avr5/crtm64.o
LOAD ./Source/portable/MemMang/heap_1.o
LOAD ./Source/portable/GCC/ATMega323/port.o
LOAD ./Source/croutine.o
LOAD ./Source/event_groups.o
LOAD ./Source/list.o
LOAD ./Source/queue.o
LOAD ./Source/tasks.o
LOAD ./Source/timers.o
LOAD ./DIO_config.o
LOAD ./PollingDataClient.o
LOAD ./Timer1_PWM.o
LOAD ./TimerCompareMode.o
LOAD ./device.o
LOAD ./gpio.o
LOAD ./lcd.o
LOAD ./main.o
LOAD ./poller.o
LOAD c:/winavr-20100110/bin/../lib/gcc/avr/4.3.3/avr5\libgcc.a
LOAD c:/winavr-20100110/bin/../lib/gcc/avr/4.3.3/../../../../avr/lib/avr5\libc.a
LOAD c:/winavr-20100110/bin/../lib/gcc/avr/4.3.3/avr5\libgcc.a

.hash
 *(.hash)

.dynsym
 *(.dynsym)

.dynstr
 *(.dynstr)

.gnu.version
 *(.gnu.version)

.gnu.version_d
 *(.gnu.version_d)

.gnu.version_r
 *(.gnu.version_r)

.rel.init
 *(.rel.init)

.rela.init
 *(.rela.init)

.rel.text
 *(.rel.text)
 *(.rel.text.*)
 *(.rel.gnu.linkonce.t*)

.rela.text
 *(.rela.text)
 *(.rela.text.*)
 *(.rela.gnu.linkonce.t*)

.rel.fini
 *(.rel.fini)

.rela.fini
 *(.rela.fini)

.rel.rodata
 *(.rel.rodata)
 *(.rel.rodata.*)
 *(.rel.gnu.linkonce.r*)

.rela.rodata
 *(.rela.rodata)
 *(.rela.rodata.*)
 *(.rela.gnu.linkonce.r*)

.rel.data
 *(.rel.data)
 *(.rel.data.*)
 *(.rel.gnu.linkonce.d*)

.rela.data
 *(.rela.data)
 *(.rela.data.*)
 *(.rela.gnu.linkonce.d*)

.rel.ctors
 *(.rel.ctors)

.rela.ctors
 *(.rela.ctors)

.rel.dtors
 *(.rel.dtors)

.rela.dtors
 *(.rela.dtors)

.rel.got
 *(.rel.got)

.rela.got
 *(.rela.got)

.rel.bss
 *(.rel.bss)

.rela.bss
 *(.rela.bss)

.rel.plt
 *(.rel.plt)

.rela.plt
 *(.rela.plt)

.text           0x00000000     0x92a2
 *(.vectors)
 .vectors       0x00000000       0x8c c:/winavr-20100110/bin/../lib/gcc/avr/4.3.3/../../../../avr/lib/avr5/crtm64.o
                0x00000000                __vectors
                0x00000000                __vector_default
 *(.vectors)
 *(.progmem.gcc*)
 *(.progmem*)
                0x0000008c                . = ALIGN (0x2)
                0x0000008c                __trampolines_start = .
 *(.trampolines)
 .trampolines   0x0000008c        0x0 linker stubs
 *(.trampolines*)
                0x0000008c                __trampolines_end = .
 *(.jumptables)
 *(.jumptables*)
 *(.lowtext)
 *(.lowtext*)
                0x0000008c                __ctors_start = .
 *(.ctors)
                0x0000008c                __ctors_end = .
                0x0000008c                __dtors_start = .
 *(.dtors)
                0x0000008c                __dtors_end = .
 SORT(*)(.ctors)
 SORT(*)(.dtors)
 *(.init0)
 .init0         0x0000008c        0x0 c:/winavr-20100110/bin/../lib/gcc/avr/4.3.3/../../../../avr/lib/avr5/crtm64.o
                0x0000008c                __init
 *(.init0)
 *(.init1)
 *(.init1)
 *(.init2)
 .init2         0x0000008c        0xc c:/winavr-20100110/bin/../lib/gcc/avr/4.3.3/../../../../avr/lib/avr5/crtm64.o
 *(.init2)
 *(.init3)
 *(.init3)
 *(.init4)
 .init4         0x00000098       0x16 c:/winavr-20100110/bin/../lib/gcc/avr/4.3.3/avr5\libgcc.a(_copy_data.o)
                0x00000098                __do_copy_data
 .init4         0x000000ae       0x10 c:/winavr-20100110/bin/../lib/gcc/avr/4.3.3/avr5\libgcc.a(_clear_bss.o)
                0x000000ae                __do_clear_bss
 *(.init4)
 *(.init5)
 *(.init5)
 *(.init6)
 *(.init6)
 *(.init7)
 *(.init7)
 *(.init8)
 *(.init8)
 *(.init9)
 .init9         0x000000be        0x8 c:/winavr-20100110/bin/../lib/gcc/avr/4.3.3/../../../../avr/lib/avr5/crtm64.o
 *(.init9)
 *(.text)
 .text          0x000000c6        0x4 c:/winavr-20100110/bin/../lib/gcc/avr/4.3.3/../../../../avr/lib/avr5/crtm64.o
                0x000000c6                __vector_22
                0x000000c6                __vector_28
                0x000000c6                __vector_1
                0x000000c6                __vector_32
                0x000000c6                __vector_34
                0x000000c6                __vector_24
                0x000000c6                __bad_interrupt
                0x000000c6                __vector_6
                0x000000c6                __vector_31
                0x000000c6                __vector_3
                0x000000c6                __vector_23
                0x000000c6                __vector_30
                0x000000c6                __vector_25
                0x000000c6                __vector_11
                0x000000c6                __vector_13
                0x000000c6                __vector_17
                0x000000c6                __vector_19
                0x000000c6                __vector_7
                0x000000c6                __vector_27
                0x000000c6                __vector_5
                0x000000c6                __vector_33
                0x000000c6                __vector_4
                0x000000c6                __vector_9
                0x000000c6                __vector_2
                0x000000c6                __vector_21
                0x000000c6                __vector_15
                0x000000c6                __vector_29
                0x000000c6                __vector_8
                0x000000c6                __vector_26
                0x000000c6                __vector_14
                0x000000c6                __vector_10
                0x000000c6                __vector_16
                0x000000c6                __vector_18
                0x000000c6                __vector_20
 .text          0x000000ca        0x0 ./Source/portable/MemMang/heap_1.o
 .text          0x000000ca        0x0 ./Source/portable/GCC/ATMega323/port.o
 .text          0x000000ca        0x0 ./Source/croutine.o
 .text          0x000000ca        0x0 ./Source/event_groups.o
 .text          0x000000ca        0x0 ./Source/list.o
 .text          0x000000ca        0x0 ./Source/queue.o
 .text          0x000000ca        0x0 ./Source/tasks.o
 .text          0x000000ca        0x0 ./Source/timers.o
 .text          0x000000ca        0x0 ./DIO_config.o
 .text          0x000000ca        0x0 ./PollingDataClient.o
 .text          0x000000ca        0x0 ./Timer1_PWM.o
 .text          0x000000ca        0x0 ./TimerCompareMode.o
 .text          0x000000ca        0x0 ./device.o
 .text          0x000000ca        0x0 ./gpio.o
 .text          0x000000ca        0x0 ./lcd.o
 .text          0x000000ca        0x0 ./main.o
 .text          0x000000ca        0x0 ./poller.o
 .text          0x000000ca        0x0 c:/winavr-20100110/bin/../lib/gcc/avr/4.3.3/avr5\libgcc.a(_udivmodqi4.o)
 .text          0x000000ca        0x0 c:/winavr-20100110/bin/../lib/gcc/avr/4.3.3/avr5\libgcc.a(_udivmodhi4.o)
 .text          0x000000ca        0x0 c:/winavr-20100110/bin/../lib/gcc/avr/4.3.3/avr5\libgcc.a(_divmodhi4.o)
 .text          0x000000ca        0x0 c:/winavr-20100110/bin/../lib/gcc/avr/4.3.3/avr5\libgcc.a(_exit.o)
 .text          0x000000ca        0x0 c:/winavr-20100110/bin/../lib/gcc/avr/4.3.3/avr5\libgcc.a(_copy_data.o)
 .text          0x000000ca        0x0 c:/winavr-20100110/bin/../lib/gcc/avr/4.3.3/avr5\libgcc.a(_clear_bss.o)
 .text          0x000000ca       0x58 c:/winavr-20100110/bin/../lib/gcc/avr/4.3.3/avr5\libgcc.a(_fixunssfsi.o)
                0x000000ca                __fixunssfsi
 .text          0x00000122      0x354 c:/winavr-20100110/bin/../lib/gcc/avr/4.3.3/avr5\libgcc.a(_addsub_sf.o)
                0x000003ba                __subsf3
                0x0000041c                __addsf3
 .text          0x00000476      0x1f4 c:/winavr-20100110/bin/../lib/gcc/avr/4.3.3/avr5\libgcc.a(_mul_sf.o)
                0x00000476                __mulsf3
 .text          0x0000066a      0x158 c:/winavr-20100110/bin/../lib/gcc/avr/4.3.3/avr5\libgcc.a(_div_sf.o)
                0x0000066a                __divsf3
 .text          0x000007c2       0x60 c:/winavr-20100110/bin/../lib/gcc/avr/4.3.3/avr5\libgcc.a(_gt_sf.o)
                0x000007c2                __gtsf2
 .text          0x00000822       0x60 c:/winavr-20100110/bin/../lib/gcc/avr/4.3.3/avr5\libgcc.a(_ge_sf.o)
                0x00000822                __gesf2
 .text          0x00000882       0x60 c:/winavr-20100110/bin/../lib/gcc/avr/4.3.3/avr5\libgcc.a(_lt_sf.o)
                0x00000882                __ltsf2
 .text          0x000008e2       0xa8 c:/winavr-20100110/bin/../lib/gcc/avr/4.3.3/avr5\libgcc.a(_sf_to_si.o)
                0x000008e2                __fixsfsi
 .text          0x0000098a        0x0 c:/winavr-20100110/bin/../lib/gcc/avr/4.3.3/avr5\libgcc.a(_thenan_sf.o)
 .text          0x0000098a       0xf2 c:/winavr-20100110/bin/../lib/gcc/avr/4.3.3/avr5\libgcc.a(_usi_to_sf.o)
                0x0000098a                __floatunsisf
 .text          0x00000a7c        0x0 c:/winavr-20100110/bin/../lib/gcc/avr/4.3.3/avr5\libgcc.a(_prologue.o)
 .text          0x00000a7c        0x0 c:/winavr-20100110/bin/../lib/gcc/avr/4.3.3/avr5\libgcc.a(_epilogue.o)
 .text          0x00000a7c       0x9e c:/winavr-20100110/bin/../lib/gcc/avr/4.3.3/avr5\libgcc.a(_clzsi2.o)
                0x00000a7c                __clzsi2
 .text          0x00000b1a      0x1aa c:/winavr-20100110/bin/../lib/gcc/avr/4.3.3/avr5\libgcc.a(_pack_sf.o)
                0x00000b1a                __pack_f
 .text          0x00000cc4       0xf0 c:/winavr-20100110/bin/../lib/gcc/avr/4.3.3/avr5\libgcc.a(_unpack_sf.o)
                0x00000cc4                __unpack_f
 .text          0x00000db4       0xb2 c:/winavr-20100110/bin/../lib/gcc/avr/4.3.3/avr5\libgcc.a(_fpcmp_parts_sf.o)
                0x00000db4                __fpcmp_parts_f
 .text          0x00000e66        0x0 c:/winavr-20100110/bin/../lib/gcc/avr/4.3.3/avr5\libgcc.a(_clz.o)
 .text          0x00000e66        0x0 c:/winavr-20100110/bin/../lib/gcc/avr/4.3.3/../../../../avr/lib/avr5\libc.a(memcpy.o)
 .text          0x00000e66        0x0 c:/winavr-20100110/bin/../lib/gcc/avr/4.3.3/../../../../avr/lib/avr5\libc.a(memset.o)
 .text          0x00000e66        0x0 c:/winavr-20100110/bin/../lib/gcc/avr/4.3.3/../../../../avr/lib/avr5\libc.a(itoa.o)
 .text          0x00000e66        0x0 c:/winavr-20100110/bin/../lib/gcc/avr/4.3.3/../../../../avr/lib/avr5\libc.a(strrev.o)
                0x00000e66                . = ALIGN (0x2)
 *(.text.*)
 .text.pvPortMalloc
                0x00000e66       0xb4 ./Source/portable/MemMang/heap_1.o
                0x00000e66                pvPortMalloc
 .text.vPortFree
                0x00000f1a       0x18 ./Source/portable/MemMang/heap_1.o
                0x00000f1a                vPortFree
 .text.vPortInitialiseBlocks
                0x00000f32       0x16 ./Source/portable/MemMang/heap_1.o
                0x00000f32                vPortInitialiseBlocks
 .text.xPortGetFreeHeapSize
                0x00000f48       0x1e ./Source/portable/MemMang/heap_1.o
                0x00000f48                xPortGetFreeHeapSize
 .text.pxPortInitialiseStack
                0x00000f66      0x306 ./Source/portable/GCC/ATMega323/port.o
                0x00000f66                pxPortInitialiseStack
 .text.xPortStartScheduler
                0x0000126c       0x6a ./Source/portable/GCC/ATMega323/port.o
                0x0000126c                xPortStartScheduler
 .text.vPortEndScheduler
                0x000012d6        0xe ./Source/portable/GCC/ATMega323/port.o
                0x000012d6                vPortEndScheduler
 .text.vPortYield
                0x000012e4       0xb2 ./Source/portable/GCC/ATMega323/port.o
                0x000012e4                vPortYield
 .text.vPortYieldFromTick
                0x00001396       0xba ./Source/portable/GCC/ATMega323/port.o
                0x00001396                vPortYieldFromTick
 .text.prvSetupTimerInterrupt
                0x00001450       0xb8 ./Source/portable/GCC/ATMega323/port.o
 .text.__vector_12
                0x00001508        0x6 ./Source/portable/GCC/ATMega323/port.o
                0x00001508                __vector_12
 .text.xCoRoutineCreate
                0x0000150e      0x128 ./Source/croutine.o
                0x0000150e                xCoRoutineCreate
 .text.vCoRoutineAddToDelayedList
                0x00001636       0xc2 ./Source/croutine.o
                0x00001636                vCoRoutineAddToDelayedList
 .text.prvCheckPendingReadyList
                0x000016f8       0x94 ./Source/croutine.o
 .text.prvCheckDelayedList
                0x0000178c      0x15c ./Source/croutine.o
 .text.vCoRoutineSchedule
                0x000018e8      0x102 ./Source/croutine.o
                0x000018e8                vCoRoutineSchedule
 .text.prvInitialiseCoRoutineLists
                0x000019ea       0x72 ./Source/croutine.o
 .text.xCoRoutineRemoveFromEventList
                0x00001a5c       0x70 ./Source/croutine.o
                0x00001a5c                xCoRoutineRemoveFromEventList
 .text.xEventGroupCreate
                0x00001acc       0x3e ./Source/event_groups.o
                0x00001acc                xEventGroupCreate
 .text.xEventGroupSync
                0x00001b0a      0x172 ./Source/event_groups.o
                0x00001b0a                xEventGroupSync
 .text.xEventGroupWaitBits
                0x00001c7c      0x18c ./Source/event_groups.o
                0x00001c7c                xEventGroupWaitBits
 .text.xEventGroupClearBits
                0x00001e08       0x6c ./Source/event_groups.o
                0x00001e08                xEventGroupClearBits
 .text.xEventGroupGetBitsFromISR
                0x00001e74       0x44 ./Source/event_groups.o
                0x00001e74                xEventGroupGetBitsFromISR
 .text.xEventGroupSetBits
                0x00001eb8      0x164 ./Source/event_groups.o
                0x00001eb8                xEventGroupSetBits
 .text.vEventGroupDelete
                0x0000201c       0x62 ./Source/event_groups.o
                0x0000201c                vEventGroupDelete
 .text.vEventGroupSetBitsCallback
                0x0000207e       0x3a ./Source/event_groups.o
                0x0000207e                vEventGroupSetBitsCallback
 .text.vEventGroupClearBitsCallback
                0x000020b8       0x3a ./Source/event_groups.o
                0x000020b8                vEventGroupClearBitsCallback
 .text.prvTestWaitCondition
                0x000020f2       0x64 ./Source/event_groups.o
 .text.vListInitialise
                0x00002156       0x54 ./Source/list.o
                0x00002156                vListInitialise
 .text.vListInitialiseItem
                0x000021aa       0x20 ./Source/list.o
                0x000021aa                vListInitialiseItem
 .text.vListInsertEnd
                0x000021ca       0x88 ./Source/list.o
                0x000021ca                vListInsertEnd
 .text.vListInsert
                0x00002252       0xd8 ./Source/list.o
                0x00002252                vListInsert
 .text.uxListRemove
                0x0000232a       0x98 ./Source/list.o
                0x0000232a                uxListRemove
 .text.xQueueGenericReset
                0x000023c2      0x156 ./Source/queue.o
                0x000023c2                xQueueGenericReset
 .text.xQueueGenericCreate
                0x00002518       0xe8 ./Source/queue.o
                0x00002518                xQueueGenericCreate
 .text.prvInitialiseNewQueue
                0x00002600       0x76 ./Source/queue.o
 .text.xQueueGenericSend
                0x00002676      0x158 ./Source/queue.o
                0x00002676                xQueueGenericSend
 .text.xQueueGenericSendFromISR
                0x000027ce       0xb8 ./Source/queue.o
                0x000027ce                xQueueGenericSendFromISR
 .text.xQueueGiveFromISR
                0x00002886       0xa2 ./Source/queue.o
                0x00002886                xQueueGiveFromISR
 .text.xQueueReceive
                0x00002928      0x156 ./Source/queue.o
                0x00002928                xQueueReceive
 .text.xQueueSemaphoreTake
                0x00002a7e      0x144 ./Source/queue.o
                0x00002a7e                xQueueSemaphoreTake
 .text.xQueuePeek
                0x00002bc2      0x164 ./Source/queue.o
                0x00002bc2                xQueuePeek
 .text.xQueueReceiveFromISR
                0x00002d26       0xae ./Source/queue.o
                0x00002d26                xQueueReceiveFromISR
 .text.xQueuePeekFromISR
                0x00002dd4       0x72 ./Source/queue.o
                0x00002dd4                xQueuePeekFromISR
 .text.uxQueueMessagesWaiting
                0x00002e46       0x30 ./Source/queue.o
                0x00002e46                uxQueueMessagesWaiting
 .text.uxQueueSpacesAvailable
                0x00002e76       0x4a ./Source/queue.o
                0x00002e76                uxQueueSpacesAvailable
 .text.uxQueueMessagesWaitingFromISR
                0x00002ec0       0x34 ./Source/queue.o
                0x00002ec0                uxQueueMessagesWaitingFromISR
 .text.vQueueDelete
                0x00002ef4       0x2e ./Source/queue.o
                0x00002ef4                vQueueDelete
 .text.prvCopyDataToQueue
                0x00002f22      0x14c ./Source/queue.o
 .text.prvCopyDataFromQueue
                0x0000306e       0x8e ./Source/queue.o
 .text.prvUnlockQueue
                0x000030fc       0xa6 ./Source/queue.o
 .text.prvIsQueueEmpty
                0x000031a2       0x3a ./Source/queue.o
 .text.xQueueIsQueueEmptyFromISR
                0x000031dc       0x3e ./Source/queue.o
                0x000031dc                xQueueIsQueueEmptyFromISR
 .text.prvIsQueueFull
                0x0000321a       0x40 ./Source/queue.o
 .text.xQueueIsQueueFullFromISR
                0x0000325a       0x44 ./Source/queue.o
                0x0000325a                xQueueIsQueueFullFromISR
 .text.xQueueCRSend
                0x0000329e       0xc2 ./Source/queue.o
                0x0000329e                xQueueCRSend
 .text.xQueueCRReceive
                0x00003360      0x11c ./Source/queue.o
                0x00003360                xQueueCRReceive
 .text.xQueueCRSendFromISR
                0x0000347c       0x82 ./Source/queue.o
                0x0000347c                xQueueCRSendFromISR
 .text.xQueueCRReceiveFromISR
                0x000034fe       0xea ./Source/queue.o
                0x000034fe                xQueueCRReceiveFromISR
 .text.vQueueWaitForMessageRestricted
                0x000035e8       0x86 ./Source/queue.o
                0x000035e8                vQueueWaitForMessageRestricted
 .text.xTaskCreate
                0x0000366e       0xf0 ./Source/tasks.o
                0x0000366e                xTaskCreate
 .text.prvInitialiseNewTask
                0x0000375e      0x18a ./Source/tasks.o
 .text.prvAddNewTaskToReadyList
                0x000038e8      0x17a ./Source/tasks.o
 .text.vTaskDelete
                0x00003a62       0xf6 ./Source/tasks.o
                0x00003a62                vTaskDelete
 .text.xTaskDelayUntil
                0x00003b58       0xe6 ./Source/tasks.o
                0x00003b58                xTaskDelayUntil
 .text.vTaskDelay
                0x00003c3e       0x44 ./Source/tasks.o
                0x00003c3e                vTaskDelay
 .text.vTaskStartScheduler
                0x00003c82       0x76 ./Source/tasks.o
                0x00003c82                vTaskStartScheduler
 .text.vTaskEndScheduler
                0x00003cf8       0x18 ./Source/tasks.o
                0x00003cf8                vTaskEndScheduler
 .text.vTaskSuspendAll
                0x00003d10       0x18 ./Source/tasks.o
                0x00003d10                vTaskSuspendAll
 .text.xTaskResumeAll
                0x00003d28      0x2a0 ./Source/tasks.o
                0x00003d28                xTaskResumeAll
 .text.xTaskGetTickCount
                0x00003fc8       0x2e ./Source/tasks.o
                0x00003fc8                xTaskGetTickCount
 .text.xTaskGetTickCountFromISR
                0x00003ff6       0x2a ./Source/tasks.o
                0x00003ff6                xTaskGetTickCountFromISR
 .text.uxTaskGetNumberOfTasks
                0x00004020       0x12 ./Source/tasks.o
                0x00004020                uxTaskGetNumberOfTasks
 .text.pcTaskGetName
                0x00004032       0x50 ./Source/tasks.o
                0x00004032                pcTaskGetName
 .text.xTaskCatchUpTicks
                0x00004082       0x40 ./Source/tasks.o
                0x00004082                xTaskCatchUpTicks
 .text.xTaskIncrementTick
                0x000040c2      0x32e ./Source/tasks.o
                0x000040c2                xTaskIncrementTick
 .text.vTaskSwitchContext
                0x000043f0       0xda ./Source/tasks.o
                0x000043f0                vTaskSwitchContext
 .text.vTaskPlaceOnEventList
                0x000044ca       0x44 ./Source/tasks.o
                0x000044ca                vTaskPlaceOnEventList
 .text.vTaskPlaceOnUnorderedEventList
                0x0000450e       0xca ./Source/tasks.o
                0x0000450e                vTaskPlaceOnUnorderedEventList
 .text.vTaskPlaceOnEventListRestricted
                0x000045d8       0xc4 ./Source/tasks.o
                0x000045d8                vTaskPlaceOnEventListRestricted
 .text.xTaskRemoveFromEventList
                0x0000469c      0x288 ./Source/tasks.o
                0x0000469c                xTaskRemoveFromEventList
 .text.vTaskRemoveFromUnorderedEventList
                0x00004924      0x21c ./Source/tasks.o
                0x00004924                vTaskRemoveFromUnorderedEventList
 .text.vTaskSetTimeOutState
                0x00004b40       0x3c ./Source/tasks.o
                0x00004b40                vTaskSetTimeOutState
 .text.vTaskInternalSetTimeOutState
                0x00004b7c       0x32 ./Source/tasks.o
                0x00004b7c                vTaskInternalSetTimeOutState
 .text.xTaskCheckForTimeOut
                0x00004bae       0xce ./Source/tasks.o
                0x00004bae                xTaskCheckForTimeOut
 .text.vTaskMissedYield
                0x00004c7c       0x14 ./Source/tasks.o
                0x00004c7c                vTaskMissedYield
 .text.prvIdleTask
                0x00004c90       0x20 ./Source/tasks.o
 .text.prvInitialiseTaskLists
                0x00004cb0       0x7a ./Source/tasks.o
 .text.prvCheckTasksWaitingTermination
                0x00004d2a       0x5e ./Source/tasks.o
 .text.prvDeleteTCB
                0x00004d88       0x2c ./Source/tasks.o
 .text.prvResetNextTaskUnblockTime
                0x00004db4       0x44 ./Source/tasks.o
 .text.xTaskGetSchedulerState
                0x00004df8       0x32 ./Source/tasks.o
                0x00004df8                xTaskGetSchedulerState
 .text.uxTaskResetEventItemValue
                0x00004e2a       0x4e ./Source/tasks.o
                0x00004e2a                uxTaskResetEventItemValue
 .text.ulTaskGenericNotifyTake
                0x00004e78      0x16c ./Source/tasks.o
                0x00004e78                ulTaskGenericNotifyTake
 .text.xTaskGenericNotifyWait
                0x00004fe4      0x1ee ./Source/tasks.o
                0x00004fe4                xTaskGenericNotifyWait
 .text.xTaskGenericNotify
                0x000051d2      0x37c ./Source/tasks.o
                0x000051d2                xTaskGenericNotify
 .text.xTaskGenericNotifyFromISR
                0x0000554e      0x3fe ./Source/tasks.o
                0x0000554e                xTaskGenericNotifyFromISR
 .text.vTaskGenericNotifyGiveFromISR
                0x0000594c      0x2a0 ./Source/tasks.o
                0x0000594c                vTaskGenericNotifyGiveFromISR
 .text.xTaskGenericNotifyStateClear
                0x00005bec       0x92 ./Source/tasks.o
                0x00005bec                xTaskGenericNotifyStateClear
 .text.ulTaskGenericNotifyValueClear
                0x00005c7e      0x104 ./Source/tasks.o
                0x00005c7e                ulTaskGenericNotifyValueClear
 .text.prvAddCurrentTaskToDelayedList
                0x00005d82       0xcc ./Source/tasks.o
 .text.xTimerCreateTimerTask
                0x00005e4e       0x52 ./Source/timers.o
                0x00005e4e                xTimerCreateTimerTask
 .text.xTimerCreate
                0x00005ea0       0x86 ./Source/timers.o
                0x00005ea0                xTimerCreate
 .text.prvInitialiseNewTimer
                0x00005f26       0x9e ./Source/timers.o
 .text.xTimerGenericCommand
                0x00005fc4       0xca ./Source/timers.o
                0x00005fc4                xTimerGenericCommand
 .text.xTimerGetTimerDaemonTaskHandle
                0x0000608e       0x16 ./Source/timers.o
                0x0000608e                xTimerGetTimerDaemonTaskHandle
 .text.xTimerGetPeriod
                0x000060a4       0x2e ./Source/timers.o
                0x000060a4                xTimerGetPeriod
 .text.vTimerSetReloadMode
                0x000060d2       0x5a ./Source/timers.o
                0x000060d2                vTimerSetReloadMode
 .text.uxTimerGetReloadMode
                0x0000612c       0x50 ./Source/timers.o
                0x0000612c                uxTimerGetReloadMode
 .text.xTimerGetExpiryTime
                0x0000617c       0x3c ./Source/timers.o
                0x0000617c                xTimerGetExpiryTime
 .text.pcTimerGetName
                0x000061b8       0x2e ./Source/timers.o
                0x000061b8                pcTimerGetName
 .text.prvReloadTimer
                0x000061e6       0x7e ./Source/timers.o
 .text.prvProcessExpiredTimer
                0x00006264       0x8c ./Source/timers.o
 .text.prvTimerTask
                0x000062f0       0x30 ./Source/timers.o
 .text.prvProcessTimerOrBlockTask
                0x00006320       0xae ./Source/timers.o
 .text.prvGetNextExpireTime
                0x000063ce       0x68 ./Source/timers.o
 .text.prvSampleTimeNow
                0x00006436       0x5c ./Source/timers.o
 .text.prvInsertTimerInActiveList
                0x00006492       0xd0 ./Source/timers.o
 .text.prvProcessReceivedCommands
                0x00006562      0x1f6 ./Source/timers.o
 .text.prvSwitchTimerLists
                0x00006758       0x74 ./Source/timers.o
 .text.prvCheckForValidListAndQueue
                0x000067cc       0x5e ./Source/timers.o
 .text.xTimerIsTimerActive
                0x0000682a       0x50 ./Source/timers.o
                0x0000682a                xTimerIsTimerActive
 .text.pvTimerGetTimerID
                0x0000687a       0x46 ./Source/timers.o
                0x0000687a                pvTimerGetTimerID
 .text.vTimerSetTimerID
                0x000068c0       0x46 ./Source/timers.o
                0x000068c0                vTimerSetTimerID
 .text.State_Handler
                0x00006906       0x6c ./PollingDataClient.o
                0x00006906                State_Handler
 .text.RightLED_Blink
                0x00006972       0x32 ./PollingDataClient.o
                0x00006972                RightLED_Blink
 .text.LeftLED_Blink
                0x000069a4       0x32 ./PollingDataClient.o
                0x000069a4                LeftLED_Blink
 .text.NoLED_Blink
                0x000069d6       0x2e ./PollingDataClient.o
                0x000069d6                NoLED_Blink
 .text.BothLEDS_Blink
                0x00006a04       0x36 ./PollingDataClient.o
                0x00006a04                BothLEDS_Blink
 .text.timer1_PWM_Init
                0x00006a3a       0x62 ./Timer1_PWM.o
                0x00006a3a                timer1_PWM_Init
 .text.timer1_SetPWM_B
                0x00006a9c       0xa6 ./Timer1_PWM.o
                0x00006a9c                timer1_SetPWM_B
 .text.timer1_SetPWM_A
                0x00006b42       0xa6 ./Timer1_PWM.o
                0x00006b42                timer1_SetPWM_A
 .text.timer1_SetPWM_A_B
                0x00006be8       0xb2 ./Timer1_PWM.o
                0x00006be8                timer1_SetPWM_A_B
 .text.Timer2_Init_CTC_Mode
                0x00006c9a       0x38 ./TimerCompareMode.o
                0x00006c9a                Timer2_Init_CTC_Mode
 .text.Get_Data
                0x00006cd2      0x1cc ./device.o
                0x00006cd2                Get_Data
 .text.GPIO_setupPinDirection
                0x00006e9e      0x29e ./gpio.o
                0x00006e9e                GPIO_setupPinDirection
 .text.GPIO_writePin
                0x0000713c      0x29e ./gpio.o
                0x0000713c                GPIO_writePin
 .text.GPIO_readPin
                0x000073da      0x1b0 ./gpio.o
                0x000073da                GPIO_readPin
 .text.GPIO_setupPortDirection
                0x0000758a       0xb2 ./gpio.o
                0x0000758a                GPIO_setupPortDirection
 .text.GPIO_writePort
                0x0000763c       0xb2 ./gpio.o
                0x0000763c                GPIO_writePort
 .text.GPIO_readPort
                0x000076ee       0xb4 ./gpio.o
                0x000076ee                GPIO_readPort
 .text.DIO_init
                0x000077a2       0x82 ./gpio.o
                0x000077a2                DIO_init
 .text.DIO_ChannelGroupWrite
                0x00007824      0x10c ./gpio.o
                0x00007824                DIO_ChannelGroupWrite
 .text.DIO_ChannelGroupRead
                0x00007930      0x134 ./gpio.o
                0x00007930                DIO_ChannelGroupRead
 .text.LCD_init
                0x00007a64      0x164 ./lcd.o
                0x00007a64                LCD_init
 .text.LCD_sendCommand
                0x00007bc8      0x8f6 ./lcd.o
                0x00007bc8                LCD_sendCommand
 .text.LCD_displayCharacter
                0x000084be      0x8f6 ./lcd.o
                0x000084be                LCD_displayCharacter
 .text.LCD_displayString
                0x00008db4       0x52 ./lcd.o
                0x00008db4                LCD_displayString
 .text.LCD_moveCursor
                0x00008e06       0x84 ./lcd.o
                0x00008e06                LCD_moveCursor
 .text.LCD_displayStringRowColumn
                0x00008e8a       0x32 ./lcd.o
                0x00008e8a                LCD_displayStringRowColumn
 .text.LCD_intgerToString
                0x00008ebc       0x46 ./lcd.o
                0x00008ebc                LCD_intgerToString
 .text.LCD_clearScreen
                0x00008f02       0x14 ./lcd.o
                0x00008f02                LCD_clearScreen
 .text.main     0x00008f16       0xc2 ./main.o
                0x00008f16                main
 .text.Task2_Func
                0x00008fd8       0x26 ./main.o
                0x00008fd8                Task2_Func
 .text.Task1_Func
                0x00008ffe       0x26 ./main.o
                0x00008ffe                Task1_Func
 .text.Task3_Func
                0x00009024       0x52 ./main.o
                0x00009024                Task3_Func
 .text.Poll     0x00009076       0x72 ./poller.o
                0x00009076                Poll
 .text.StartPolling
                0x000090e8       0x1a ./poller.o
                0x000090e8                StartPolling
 .text.StopPolling
                0x00009102       0x16 ./poller.o
                0x00009102                StopPolling
 .text.SetPollingTime
                0x00009118       0x30 ./poller.o
                0x00009118                SetPollingTime
 .text.libgcc   0x00009148       0x18 c:/winavr-20100110/bin/../lib/gcc/avr/4.3.3/avr5\libgcc.a(_udivmodqi4.o)
                0x00009148                __udivmodqi4
 .text.libgcc   0x00009160       0x28 c:/winavr-20100110/bin/../lib/gcc/avr/4.3.3/avr5\libgcc.a(_udivmodhi4.o)
                0x00009160                __udivmodhi4
 .text.libgcc   0x00009188       0x26 c:/winavr-20100110/bin/../lib/gcc/avr/4.3.3/avr5\libgcc.a(_divmodhi4.o)
                0x00009188                __divmodhi4
                0x00009188                _div
 .text.libgcc   0x000091ae        0x0 c:/winavr-20100110/bin/../lib/gcc/avr/4.3.3/avr5\libgcc.a(_exit.o)
 .text.libgcc   0x000091ae        0x0 c:/winavr-20100110/bin/../lib/gcc/avr/4.3.3/avr5\libgcc.a(_copy_data.o)
 .text.libgcc   0x000091ae        0x0 c:/winavr-20100110/bin/../lib/gcc/avr/4.3.3/avr5\libgcc.a(_clear_bss.o)
 .text.libgcc   0x000091ae       0x38 c:/winavr-20100110/bin/../lib/gcc/avr/4.3.3/avr5\libgcc.a(_prologue.o)
                0x000091ae                __prologue_saves__
 .text.libgcc   0x000091e6       0x36 c:/winavr-20100110/bin/../lib/gcc/avr/4.3.3/avr5\libgcc.a(_epilogue.o)
                0x000091e6                __epilogue_restores__
 .text.avr-libc
                0x0000921c       0x12 c:/winavr-20100110/bin/../lib/gcc/avr/4.3.3/../../../../avr/lib/avr5\libc.a(memcpy.o)
                0x0000921c                memcpy
 .text.avr-libc
                0x0000922e        0xe c:/winavr-20100110/bin/../lib/gcc/avr/4.3.3/../../../../avr/lib/avr5\libc.a(memset.o)
                0x0000922e                memset
 .text.avr-libc
                0x0000923c       0x42 c:/winavr-20100110/bin/../lib/gcc/avr/4.3.3/../../../../avr/lib/avr5\libc.a(itoa.o)
                0x0000923c                itoa
 .text.avr-libc
                0x0000927e       0x20 c:/winavr-20100110/bin/../lib/gcc/avr/4.3.3/../../../../avr/lib/avr5\libc.a(strrev.o)
                0x0000927e                strrev
                0x0000929e                . = ALIGN (0x2)
 *(.fini9)
 .fini9         0x0000929e        0x0 c:/winavr-20100110/bin/../lib/gcc/avr/4.3.3/avr5\libgcc.a(_exit.o)
                0x0000929e                exit
                0x0000929e                _exit
 *(.fini9)
 *(.fini8)
 *(.fini8)
 *(.fini7)
 *(.fini7)
 *(.fini6)
 *(.fini6)
 *(.fini5)
 *(.fini5)
 *(.fini4)
 *(.fini4)
 *(.fini3)
 *(.fini3)
 *(.fini2)
 *(.fini2)
 *(.fini1)
 *(.fini1)
 *(.fini0)
 .fini0         0x0000929e        0x4 c:/winavr-20100110/bin/../lib/gcc/avr/4.3.3/avr5\libgcc.a(_exit.o)
 *(.fini0)
                0x000092a2                _etext = .

.data           0x00800100      0x142 load address 0x000092a2
                0x00800100                PROVIDE (__data_start, .)
 *(.data)
 .data          0x00800100        0x0 c:/winavr-20100110/bin/../lib/gcc/avr/4.3.3/../../../../avr/lib/avr5/crtm64.o
 .data          0x00800100        0x0 ./Source/portable/MemMang/heap_1.o
 .data          0x00800100        0x0 ./Source/portable/GCC/ATMega323/port.o
 .data          0x00800100        0x0 ./Source/croutine.o
 .data          0x00800100        0x0 ./Source/event_groups.o
 .data          0x00800100        0x0 ./Source/list.o
 .data          0x00800100        0x0 ./Source/queue.o
 .data          0x00800100        0x5 ./Source/tasks.o
 .data          0x00800105        0x8 ./Source/timers.o
 .data          0x0080010d        0x0 ./DIO_config.o
 .data          0x0080010d        0x0 ./PollingDataClient.o
 .data          0x0080010d        0x0 ./Timer1_PWM.o
 .data          0x0080010d        0x0 ./TimerCompareMode.o
 .data          0x0080010d        0x0 ./device.o
 .data          0x0080010d        0x0 ./gpio.o
 .data          0x0080010d        0x0 ./lcd.o
 .data          0x0080010d       0x14 ./main.o
 .data          0x00800121        0x0 ./poller.o
 .data          0x00800121        0x0 c:/winavr-20100110/bin/../lib/gcc/avr/4.3.3/avr5\libgcc.a(_udivmodqi4.o)
 .data          0x00800121        0x0 c:/winavr-20100110/bin/../lib/gcc/avr/4.3.3/avr5\libgcc.a(_udivmodhi4.o)
 .data          0x00800121        0x0 c:/winavr-20100110/bin/../lib/gcc/avr/4.3.3/avr5\libgcc.a(_divmodhi4.o)
 .data          0x00800121        0x0 c:/winavr-20100110/bin/../lib/gcc/avr/4.3.3/avr5\libgcc.a(_exit.o)
 .data          0x00800121        0x0 c:/winavr-20100110/bin/../lib/gcc/avr/4.3.3/avr5\libgcc.a(_copy_data.o)
 .data          0x00800121        0x0 c:/winavr-20100110/bin/../lib/gcc/avr/4.3.3/avr5\libgcc.a(_clear_bss.o)
 .data          0x00800121        0x0 c:/winavr-20100110/bin/../lib/gcc/avr/4.3.3/avr5\libgcc.a(_fixunssfsi.o)
 .data          0x00800121        0x0 c:/winavr-20100110/bin/../lib/gcc/avr/4.3.3/avr5\libgcc.a(_addsub_sf.o)
 .data          0x00800121        0x0 c:/winavr-20100110/bin/../lib/gcc/avr/4.3.3/avr5\libgcc.a(_mul_sf.o)
 .data          0x00800121        0x0 c:/winavr-20100110/bin/../lib/gcc/avr/4.3.3/avr5\libgcc.a(_div_sf.o)
 .data          0x00800121        0x0 c:/winavr-20100110/bin/../lib/gcc/avr/4.3.3/avr5\libgcc.a(_gt_sf.o)
 .data          0x00800121        0x0 c:/winavr-20100110/bin/../lib/gcc/avr/4.3.3/avr5\libgcc.a(_ge_sf.o)
 .data          0x00800121        0x0 c:/winavr-20100110/bin/../lib/gcc/avr/4.3.3/avr5\libgcc.a(_lt_sf.o)
 .data          0x00800121        0x0 c:/winavr-20100110/bin/../lib/gcc/avr/4.3.3/avr5\libgcc.a(_sf_to_si.o)
 .data          0x00800121        0x8 c:/winavr-20100110/bin/../lib/gcc/avr/4.3.3/avr5\libgcc.a(_thenan_sf.o)
                0x00800121                __thenan_sf
 .data          0x00800129        0x0 c:/winavr-20100110/bin/../lib/gcc/avr/4.3.3/avr5\libgcc.a(_usi_to_sf.o)
 .data          0x00800129        0x0 c:/winavr-20100110/bin/../lib/gcc/avr/4.3.3/avr5\libgcc.a(_prologue.o)
 .data          0x00800129        0x0 c:/winavr-20100110/bin/../lib/gcc/avr/4.3.3/avr5\libgcc.a(_epilogue.o)
 .data          0x00800129        0x0 c:/winavr-20100110/bin/../lib/gcc/avr/4.3.3/avr5\libgcc.a(_clzsi2.o)
 .data          0x00800129        0x0 c:/winavr-20100110/bin/../lib/gcc/avr/4.3.3/avr5\libgcc.a(_pack_sf.o)
 .data          0x00800129        0x0 c:/winavr-20100110/bin/../lib/gcc/avr/4.3.3/avr5\libgcc.a(_unpack_sf.o)
 .data          0x00800129        0x0 c:/winavr-20100110/bin/../lib/gcc/avr/4.3.3/avr5\libgcc.a(_fpcmp_parts_sf.o)
 .data          0x00800129      0x100 c:/winavr-20100110/bin/../lib/gcc/avr/4.3.3/avr5\libgcc.a(_clz.o)
                0x00800129                __clz_tab
 .data          0x00800229        0x0 c:/winavr-20100110/bin/../lib/gcc/avr/4.3.3/../../../../avr/lib/avr5\libc.a(memcpy.o)
 .data          0x00800229        0x0 c:/winavr-20100110/bin/../lib/gcc/avr/4.3.3/../../../../avr/lib/avr5\libc.a(memset.o)
 .data          0x00800229        0x0 c:/winavr-20100110/bin/../lib/gcc/avr/4.3.3/../../../../avr/lib/avr5\libc.a(itoa.o)
 .data          0x00800229        0x0 c:/winavr-20100110/bin/../lib/gcc/avr/4.3.3/../../../../avr/lib/avr5\libc.a(strrev.o)
 *(.data*)
 .data.uxTopUsedPriority
                0x00800229        0x1 ./Source/tasks.o
                0x00800229                uxTopUsedPriority
 .data.hazardBtn_releaseFlag.1722
                0x0080022a        0x1 ./device.o
 .data.DeviceFlag
                0x0080022b        0x1 ./main.o
                0x0080022b                DeviceFlag
 .data.polling_enabled
                0x0080022c        0x2 ./poller.o
                0x0080022c                polling_enabled
 .data.polling_counter
                0x0080022e        0x2 ./poller.o
                0x0080022e                polling_counter
 *(.rodata)
 *(.rodata*)
 .rodata.dio_config_array
                0x00800230       0x12 ./DIO_config.o
                0x00800230                dio_config_array
 *(.gnu.linkonce.d*)
                0x00800242                . = ALIGN (0x2)
                0x00800242                _edata = .
                0x00800242                PROVIDE (__data_end, .)

.bss            0x00800242      0x6b2
                0x00800242                PROVIDE (__bss_start, .)
 *(.bss)
 .bss           0x00800242        0x0 c:/winavr-20100110/bin/../lib/gcc/avr/4.3.3/../../../../avr/lib/avr5/crtm64.o
 .bss           0x00800242        0x0 ./Source/portable/MemMang/heap_1.o
 .bss           0x00800242        0x0 ./Source/portable/GCC/ATMega323/port.o
 .bss           0x00800242        0x0 ./Source/croutine.o
 .bss           0x00800242        0x0 ./Source/event_groups.o
 .bss           0x00800242        0x0 ./Source/list.o
 .bss           0x00800242        0x0 ./Source/queue.o
 .bss           0x00800242        0x0 ./Source/tasks.o
 .bss           0x00800242        0x0 ./Source/timers.o
 .bss           0x00800242        0x0 ./DIO_config.o
 .bss           0x00800242        0x0 ./PollingDataClient.o
 .bss           0x00800242        0x0 ./Timer1_PWM.o
 .bss           0x00800242        0x0 ./TimerCompareMode.o
 .bss           0x00800242        0x0 ./device.o
 .bss           0x00800242        0x0 ./gpio.o
 .bss           0x00800242        0x0 ./lcd.o
 .bss           0x00800242        0x0 ./main.o
 .bss           0x00800242        0x0 ./poller.o
 .bss           0x00800242        0x0 c:/winavr-20100110/bin/../lib/gcc/avr/4.3.3/avr5\libgcc.a(_udivmodqi4.o)
 .bss           0x00800242        0x0 c:/winavr-20100110/bin/../lib/gcc/avr/4.3.3/avr5\libgcc.a(_udivmodhi4.o)
 .bss           0x00800242        0x0 c:/winavr-20100110/bin/../lib/gcc/avr/4.3.3/avr5\libgcc.a(_divmodhi4.o)
 .bss           0x00800242        0x0 c:/winavr-20100110/bin/../lib/gcc/avr/4.3.3/avr5\libgcc.a(_exit.o)
 .bss           0x00800242        0x0 c:/winavr-20100110/bin/../lib/gcc/avr/4.3.3/avr5\libgcc.a(_copy_data.o)
 .bss           0x00800242        0x0 c:/winavr-20100110/bin/../lib/gcc/avr/4.3.3/avr5\libgcc.a(_clear_bss.o)
 .bss           0x00800242        0x0 c:/winavr-20100110/bin/../lib/gcc/avr/4.3.3/avr5\libgcc.a(_fixunssfsi.o)
 .bss           0x00800242        0x0 c:/winavr-20100110/bin/../lib/gcc/avr/4.3.3/avr5\libgcc.a(_addsub_sf.o)
 .bss           0x00800242        0x0 c:/winavr-20100110/bin/../lib/gcc/avr/4.3.3/avr5\libgcc.a(_mul_sf.o)
 .bss           0x00800242        0x0 c:/winavr-20100110/bin/../lib/gcc/avr/4.3.3/avr5\libgcc.a(_div_sf.o)
 .bss           0x00800242        0x0 c:/winavr-20100110/bin/../lib/gcc/avr/4.3.3/avr5\libgcc.a(_gt_sf.o)
 .bss           0x00800242        0x0 c:/winavr-20100110/bin/../lib/gcc/avr/4.3.3/avr5\libgcc.a(_ge_sf.o)
 .bss           0x00800242        0x0 c:/winavr-20100110/bin/../lib/gcc/avr/4.3.3/avr5\libgcc.a(_lt_sf.o)
 .bss           0x00800242        0x0 c:/winavr-20100110/bin/../lib/gcc/avr/4.3.3/avr5\libgcc.a(_sf_to_si.o)
 .bss           0x00800242        0x0 c:/winavr-20100110/bin/../lib/gcc/avr/4.3.3/avr5\libgcc.a(_thenan_sf.o)
 .bss           0x00800242        0x0 c:/winavr-20100110/bin/../lib/gcc/avr/4.3.3/avr5\libgcc.a(_usi_to_sf.o)
 .bss           0x00800242        0x0 c:/winavr-20100110/bin/../lib/gcc/avr/4.3.3/avr5\libgcc.a(_prologue.o)
 .bss           0x00800242        0x0 c:/winavr-20100110/bin/../lib/gcc/avr/4.3.3/avr5\libgcc.a(_epilogue.o)
 .bss           0x00800242        0x0 c:/winavr-20100110/bin/../lib/gcc/avr/4.3.3/avr5\libgcc.a(_clzsi2.o)
 .bss           0x00800242        0x0 c:/winavr-20100110/bin/../lib/gcc/avr/4.3.3/avr5\libgcc.a(_pack_sf.o)
 .bss           0x00800242        0x0 c:/winavr-20100110/bin/../lib/gcc/avr/4.3.3/avr5\libgcc.a(_unpack_sf.o)
 .bss           0x00800242        0x0 c:/winavr-20100110/bin/../lib/gcc/avr/4.3.3/avr5\libgcc.a(_fpcmp_parts_sf.o)
 .bss           0x00800242        0x0 c:/winavr-20100110/bin/../lib/gcc/avr/4.3.3/avr5\libgcc.a(_clz.o)
 .bss           0x00800242        0x0 c:/winavr-20100110/bin/../lib/gcc/avr/4.3.3/../../../../avr/lib/avr5\libc.a(memcpy.o)
 .bss           0x00800242        0x0 c:/winavr-20100110/bin/../lib/gcc/avr/4.3.3/../../../../avr/lib/avr5\libc.a(memset.o)
 .bss           0x00800242        0x0 c:/winavr-20100110/bin/../lib/gcc/avr/4.3.3/../../../../avr/lib/avr5\libc.a(itoa.o)
 .bss           0x00800242        0x0 c:/winavr-20100110/bin/../lib/gcc/avr/4.3.3/../../../../avr/lib/avr5\libc.a(strrev.o)
 *(.bss*)
 .bss.xNextFreeByte
                0x00800242        0x2 ./Source/portable/MemMang/heap_1.o
 .bss.pucAlignedHeap.1671
                0x00800244        0x2 ./Source/portable/MemMang/heap_1.o
 .bss.ucHeap    0x00800246      0x5dc ./Source/portable/MemMang/heap_1.o
 .bss.pxDelayedCoRoutineList
                0x00800822        0x2 ./Source/croutine.o
 .bss.pxOverflowDelayedCoRoutineList
                0x00800824        0x2 ./Source/croutine.o
 .bss.pxCurrentCoRoutine
                0x00800826        0x2 ./Source/croutine.o
                0x00800826                pxCurrentCoRoutine
 .bss.uxTopCoRoutineReadyPriority
                0x00800828        0x1 ./Source/croutine.o
 .bss.xCoRoutineTickCount
                0x00800829        0x2 ./Source/croutine.o
 .bss.xLastTickCount
                0x0080082b        0x2 ./Source/croutine.o
 .bss.xPassedTicks
                0x0080082d        0x2 ./Source/croutine.o
 .bss.pxReadyCoRoutineLists
                0x0080082f       0x12 ./Source/croutine.o
 .bss.xDelayedCoRoutineList1
                0x00800841        0x9 ./Source/croutine.o
 .bss.xDelayedCoRoutineList2
                0x0080084a        0x9 ./Source/croutine.o
 .bss.xPendingReadyCoRoutineList
                0x00800853        0x9 ./Source/croutine.o
 .bss.pxCurrentTCB
                0x0080085c        0x2 ./Source/tasks.o
                0x0080085c                pxCurrentTCB
 .bss.uxDeletedTasksWaitingCleanUp
                0x0080085e        0x1 ./Source/tasks.o
 .bss.uxCurrentNumberOfTasks
                0x0080085f        0x1 ./Source/tasks.o
 .bss.xTickCount
                0x00800860        0x2 ./Source/tasks.o
 .bss.uxTopReadyPriority
                0x00800862        0x1 ./Source/tasks.o
 .bss.xSchedulerRunning
                0x00800863        0x1 ./Source/tasks.o
 .bss.xPendedTicks
                0x00800864        0x2 ./Source/tasks.o
 .bss.xYieldPending
                0x00800866        0x1 ./Source/tasks.o
 .bss.xNumOfOverflows
                0x00800867        0x1 ./Source/tasks.o
 .bss.uxTaskNumber
                0x00800868        0x1 ./Source/tasks.o
 .bss.xNextTaskUnblockTime
                0x00800869        0x2 ./Source/tasks.o
 .bss.xIdleTaskHandle
                0x0080086b        0x2 ./Source/tasks.o
 .bss.uxSchedulerSuspended
                0x0080086d        0x1 ./Source/tasks.o
 .bss.pxReadyTasksLists
                0x0080086e       0x24 ./Source/tasks.o
 .bss.xDelayedTaskList1
                0x00800892        0x9 ./Source/tasks.o
 .bss.xDelayedTaskList2
                0x0080089b        0x9 ./Source/tasks.o
 .bss.pxDelayedTaskList
                0x008008a4        0x2 ./Source/tasks.o
 .bss.pxOverflowDelayedTaskList
                0x008008a6        0x2 ./Source/tasks.o
 .bss.xPendingReadyList
                0x008008a8        0x9 ./Source/tasks.o
 .bss.xTasksWaitingTermination
                0x008008b1        0x9 ./Source/tasks.o
 .bss.xTimerQueue
                0x008008ba        0x2 ./Source/timers.o
 .bss.xTimerTaskHandle
                0x008008bc        0x2 ./Source/timers.o
 .bss.xLastTime.2088
                0x008008be        0x2 ./Source/timers.o
 .bss.xActiveTimerList1
                0x008008c0        0x9 ./Source/timers.o
 .bss.xActiveTimerList2
                0x008008c9        0x9 ./Source/timers.o
 .bss.pxCurrentTimerList
                0x008008d2        0x2 ./Source/timers.o
 .bss.pxOverflowTimerList
                0x008008d4        0x2 ./Source/timers.o
 .bss.ToggleLED
                0x008008d6        0x1 ./PollingDataClient.o
                0x008008d6                ToggleLED
 .bss.TopValue  0x008008d7        0x4 ./Timer1_PWM.o
                0x008008d7                TopValue
 .bss.ignitionBtn_counter
                0x008008db        0x1 ./device.o
                0x008008db                ignitionBtn_counter
 .bss.rightBtn_counter
                0x008008dc        0x1 ./device.o
                0x008008dc                rightBtn_counter
 .bss.leftBtn_counter
                0x008008dd        0x1 ./device.o
                0x008008dd                leftBtn_counter
 .bss.ButtonState.1723
                0x008008de        0x4 ./device.o
 .bss.timerCounter
                0x008008e2        0x1 ./main.o
                0x008008e2                timerCounter
 .bss.HandlerFlag
                0x008008e3        0x1 ./main.o
                0x008008e3                HandlerFlag
 .bss.state     0x008008e4        0x1 ./main.o
                0x008008e4                state
 .bss.ButtonStateTest
                0x008008e5        0x4 ./main.o
                0x008008e5                ButtonStateTest
 .bss.counter   0x008008e9        0x2 ./poller.o
                0x008008e9                counter
 *(COMMON)
 COMMON         0x008008eb        0x0 ./PollingDataClient.o
 COMMON         0x008008eb        0x1 ./device.o
                0x008008eb                data
 COMMON         0x008008ec        0x8 ./main.o
                0x008008ec                task3ptr
                0x008008ee                task2ptr
                0x008008f0                task1ptr
                0x008008f2                xTimer2
                0x008008f4                PROVIDE (__bss_end, .)
                0x000092a2                __data_load_start = LOADADDR (.data)
                0x000093e4                __data_load_end = (__data_load_start + SIZEOF (.data))

.noinit         0x008008f4        0x0
                0x008008f4                PROVIDE (__noinit_start, .)
 *(.noinit*)
                0x008008f4                PROVIDE (__noinit_end, .)
                0x008008f4                _end = .
                0x008008f4                PROVIDE (__heap_start, .)

.eeprom         0x00810000        0x0
 *(.eeprom*)
                0x00810000                __eeprom_end = .

.fuse
 *(.fuse)
 *(.lfuse)
 *(.hfuse)
 *(.efuse)

.lock
 *(.lock*)

.signature
 *(.signature*)

.stab           0x00000000     0xb25c
 *(.stab)
 .stab          0x00000000      0x7d4 ./Source/portable/MemMang/heap_1.o
 .stab          0x000007d4      0x840 ./Source/portable/GCC/ATMega323/port.o
                                0xcfc (size before relaxing)
 .stab          0x00001014      0x99c ./Source/croutine.o
                                0xcd8 (size before relaxing)
 .stab          0x000019b0      0xc6c ./Source/event_groups.o
                               0x1134 (size before relaxing)
 .stab          0x0000261c      0x474 ./Source/list.o
                                0x870 (size before relaxing)
 .stab          0x00002a90     0x2070 ./Source/queue.o
                               0x2574 (size before relaxing)
 .stab          0x00004b00     0x2634 ./Source/tasks.o
                               0x2b2c (size before relaxing)
 .stab          0x00007134     0x1194 ./Source/timers.o
                               0x16bc (size before relaxing)
 .stab          0x000082c8      0x1e0 ./DIO_config.o
                                0x1ec (size before relaxing)
 .stab          0x000084a8      0x408 ./PollingDataClient.o
                                0x768 (size before relaxing)
 .stab          0x000088b0      0x2dc ./Timer1_PWM.o
                                0x498 (size before relaxing)
 .stab          0x00008b8c      0x174 ./TimerCompareMode.o
                                0x330 (size before relaxing)
 .stab          0x00008d00      0x558 ./device.o
                                0x9f0 (size before relaxing)
 .stab          0x00009258      0xa14 ./gpio.o
                                0xcb4 (size before relaxing)
 .stab          0x00009c6c     0x1020 ./lcd.o
                               0x129c (size before relaxing)
 .stab          0x0000ac8c      0x39c ./main.o
                                0x948 (size before relaxing)
 .stab          0x0000b028      0x234 ./poller.o
                                0x33c (size before relaxing)

.stabstr        0x00000000     0x6678
 *(.stabstr)
 .stabstr       0x00000000     0x6678 ./Source/portable/MemMang/heap_1.o

.stab.excl
 *(.stab.excl)

.stab.exclstr
 *(.stab.exclstr)

.stab.index
 *(.stab.index)

.stab.indexstr
 *(.stab.indexstr)

.comment
 *(.comment)

.debug
 *(.debug)

.line
 *(.line)

.debug_srcinfo
 *(.debug_srcinfo)

.debug_sfnames
 *(.debug_sfnames)

.debug_aranges  0x00000000      0x1a0
 *(.debug_aranges)
 .debug_aranges
                0x00000000       0x20 c:/winavr-20100110/bin/../lib/gcc/avr/4.3.3/avr5\libgcc.a(_fixunssfsi.o)
 .debug_aranges
                0x00000020       0x20 c:/winavr-20100110/bin/../lib/gcc/avr/4.3.3/avr5\libgcc.a(_addsub_sf.o)
 .debug_aranges
                0x00000040       0x20 c:/winavr-20100110/bin/../lib/gcc/avr/4.3.3/avr5\libgcc.a(_mul_sf.o)
 .debug_aranges
                0x00000060       0x20 c:/winavr-20100110/bin/../lib/gcc/avr/4.3.3/avr5\libgcc.a(_div_sf.o)
 .debug_aranges
                0x00000080       0x20 c:/winavr-20100110/bin/../lib/gcc/avr/4.3.3/avr5\libgcc.a(_gt_sf.o)
 .debug_aranges
                0x000000a0       0x20 c:/winavr-20100110/bin/../lib/gcc/avr/4.3.3/avr5\libgcc.a(_ge_sf.o)
 .debug_aranges
                0x000000c0       0x20 c:/winavr-20100110/bin/../lib/gcc/avr/4.3.3/avr5\libgcc.a(_lt_sf.o)
 .debug_aranges
                0x000000e0       0x20 c:/winavr-20100110/bin/../lib/gcc/avr/4.3.3/avr5\libgcc.a(_sf_to_si.o)
 .debug_aranges
                0x00000100       0x20 c:/winavr-20100110/bin/../lib/gcc/avr/4.3.3/avr5\libgcc.a(_usi_to_sf.o)
 .debug_aranges
                0x00000120       0x20 c:/winavr-20100110/bin/../lib/gcc/avr/4.3.3/avr5\libgcc.a(_clzsi2.o)
 .debug_aranges
                0x00000140       0x20 c:/winavr-20100110/bin/../lib/gcc/avr/4.3.3/avr5\libgcc.a(_pack_sf.o)
 .debug_aranges
                0x00000160       0x20 c:/winavr-20100110/bin/../lib/gcc/avr/4.3.3/avr5\libgcc.a(_unpack_sf.o)
 .debug_aranges
                0x00000180       0x20 c:/winavr-20100110/bin/../lib/gcc/avr/4.3.3/avr5\libgcc.a(_fpcmp_parts_sf.o)

.debug_pubnames
                0x00000000      0x1f2
 *(.debug_pubnames)
 .debug_pubnames
                0x00000000       0x23 c:/winavr-20100110/bin/../lib/gcc/avr/4.3.3/avr5\libgcc.a(_fixunssfsi.o)
 .debug_pubnames
                0x00000023       0x2c c:/winavr-20100110/bin/../lib/gcc/avr/4.3.3/avr5\libgcc.a(_addsub_sf.o)
 .debug_pubnames
                0x0000004f       0x1f c:/winavr-20100110/bin/../lib/gcc/avr/4.3.3/avr5\libgcc.a(_mul_sf.o)
 .debug_pubnames
                0x0000006e       0x1f c:/winavr-20100110/bin/../lib/gcc/avr/4.3.3/avr5\libgcc.a(_div_sf.o)
 .debug_pubnames
                0x0000008d       0x1e c:/winavr-20100110/bin/../lib/gcc/avr/4.3.3/avr5\libgcc.a(_gt_sf.o)
 .debug_pubnames
                0x000000ab       0x1e c:/winavr-20100110/bin/../lib/gcc/avr/4.3.3/avr5\libgcc.a(_ge_sf.o)
 .debug_pubnames
                0x000000c9       0x1e c:/winavr-20100110/bin/../lib/gcc/avr/4.3.3/avr5\libgcc.a(_lt_sf.o)
 .debug_pubnames
                0x000000e7       0x20 c:/winavr-20100110/bin/../lib/gcc/avr/4.3.3/avr5\libgcc.a(_sf_to_si.o)
 .debug_pubnames
                0x00000107       0x22 c:/winavr-20100110/bin/../lib/gcc/avr/4.3.3/avr5\libgcc.a(_thenan_sf.o)
 .debug_pubnames
                0x00000129       0x24 c:/winavr-20100110/bin/../lib/gcc/avr/4.3.3/avr5\libgcc.a(_usi_to_sf.o)
 .debug_pubnames
                0x0000014d       0x1f c:/winavr-20100110/bin/../lib/gcc/avr/4.3.3/avr5\libgcc.a(_clzsi2.o)
 .debug_pubnames
                0x0000016c       0x1f c:/winavr-20100110/bin/../lib/gcc/avr/4.3.3/avr5\libgcc.a(_pack_sf.o)
 .debug_pubnames
                0x0000018b       0x21 c:/winavr-20100110/bin/../lib/gcc/avr/4.3.3/avr5\libgcc.a(_unpack_sf.o)
 .debug_pubnames
                0x000001ac       0x26 c:/winavr-20100110/bin/../lib/gcc/avr/4.3.3/avr5\libgcc.a(_fpcmp_parts_sf.o)
 .debug_pubnames
                0x000001d2       0x20 c:/winavr-20100110/bin/../lib/gcc/avr/4.3.3/avr5\libgcc.a(_clz.o)

.debug_info     0x00000000     0x240b
 *(.debug_info)
 .debug_info    0x00000000       0xb1 c:/winavr-20100110/bin/../lib/gcc/avr/4.3.3/avr5\libgcc.a(_fixunssfsi.o)
 .debug_info    0x000000b1      0x47a c:/winavr-20100110/bin/../lib/gcc/avr/4.3.3/avr5\libgcc.a(_addsub_sf.o)
 .debug_info    0x0000052b      0x485 c:/winavr-20100110/bin/../lib/gcc/avr/4.3.3/avr5\libgcc.a(_mul_sf.o)
 .debug_info    0x000009b0      0x3fc c:/winavr-20100110/bin/../lib/gcc/avr/4.3.3/avr5\libgcc.a(_div_sf.o)
 .debug_info    0x00000dac      0x27f c:/winavr-20100110/bin/../lib/gcc/avr/4.3.3/avr5\libgcc.a(_gt_sf.o)
 .debug_info    0x0000102b      0x27f c:/winavr-20100110/bin/../lib/gcc/avr/4.3.3/avr5\libgcc.a(_ge_sf.o)
 .debug_info    0x000012aa      0x27f c:/winavr-20100110/bin/../lib/gcc/avr/4.3.3/avr5\libgcc.a(_lt_sf.o)
 .debug_info    0x00001529      0x2b0 c:/winavr-20100110/bin/../lib/gcc/avr/4.3.3/avr5\libgcc.a(_sf_to_si.o)
 .debug_info    0x000017d9      0x12c c:/winavr-20100110/bin/../lib/gcc/avr/4.3.3/avr5\libgcc.a(_thenan_sf.o)
 .debug_info    0x00001905      0x206 c:/winavr-20100110/bin/../lib/gcc/avr/4.3.3/avr5\libgcc.a(_usi_to_sf.o)
 .debug_info    0x00001b0b      0x117 c:/winavr-20100110/bin/../lib/gcc/avr/4.3.3/avr5\libgcc.a(_clzsi2.o)
 .debug_info    0x00001c22      0x2df c:/winavr-20100110/bin/../lib/gcc/avr/4.3.3/avr5\libgcc.a(_pack_sf.o)
 .debug_info    0x00001f01      0x251 c:/winavr-20100110/bin/../lib/gcc/avr/4.3.3/avr5\libgcc.a(_unpack_sf.o)
 .debug_info    0x00002152      0x210 c:/winavr-20100110/bin/../lib/gcc/avr/4.3.3/avr5\libgcc.a(_fpcmp_parts_sf.o)
 .debug_info    0x00002362       0xa9 c:/winavr-20100110/bin/../lib/gcc/avr/4.3.3/avr5\libgcc.a(_clz.o)
 *(.gnu.linkonce.wi.*)

.debug_abbrev   0x00000000     0x1386
 *(.debug_abbrev)
 .debug_abbrev  0x00000000       0x5d c:/winavr-20100110/bin/../lib/gcc/avr/4.3.3/avr5\libgcc.a(_fixunssfsi.o)
 .debug_abbrev  0x0000005d      0x1ea c:/winavr-20100110/bin/../lib/gcc/avr/4.3.3/avr5\libgcc.a(_addsub_sf.o)
 .debug_abbrev  0x00000247      0x21b c:/winavr-20100110/bin/../lib/gcc/avr/4.3.3/avr5\libgcc.a(_mul_sf.o)
 .debug_abbrev  0x00000462      0x216 c:/winavr-20100110/bin/../lib/gcc/avr/4.3.3/avr5\libgcc.a(_div_sf.o)
 .debug_abbrev  0x00000678      0x15a c:/winavr-20100110/bin/../lib/gcc/avr/4.3.3/avr5\libgcc.a(_gt_sf.o)
 .debug_abbrev  0x000007d2      0x15a c:/winavr-20100110/bin/../lib/gcc/avr/4.3.3/avr5\libgcc.a(_ge_sf.o)
 .debug_abbrev  0x0000092c      0x15a c:/winavr-20100110/bin/../lib/gcc/avr/4.3.3/avr5\libgcc.a(_lt_sf.o)
 .debug_abbrev  0x00000a86      0x17f c:/winavr-20100110/bin/../lib/gcc/avr/4.3.3/avr5\libgcc.a(_sf_to_si.o)
 .debug_abbrev  0x00000c05       0xad c:/winavr-20100110/bin/../lib/gcc/avr/4.3.3/avr5\libgcc.a(_thenan_sf.o)
 .debug_abbrev  0x00000cb2      0x157 c:/winavr-20100110/bin/../lib/gcc/avr/4.3.3/avr5\libgcc.a(_usi_to_sf.o)
 .debug_abbrev  0x00000e09       0xc4 c:/winavr-20100110/bin/../lib/gcc/avr/4.3.3/avr5\libgcc.a(_clzsi2.o)
 .debug_abbrev  0x00000ecd      0x1c0 c:/winavr-20100110/bin/../lib/gcc/avr/4.3.3/avr5\libgcc.a(_pack_sf.o)
 .debug_abbrev  0x0000108d      0x154 c:/winavr-20100110/bin/../lib/gcc/avr/4.3.3/avr5\libgcc.a(_unpack_sf.o)
 .debug_abbrev  0x000011e1      0x13b c:/winavr-20100110/bin/../lib/gcc/avr/4.3.3/avr5\libgcc.a(_fpcmp_parts_sf.o)
 .debug_abbrev  0x0000131c       0x6a c:/winavr-20100110/bin/../lib/gcc/avr/4.3.3/avr5\libgcc.a(_clz.o)

.debug_line     0x00000000     0x11d6
 *(.debug_line)
 .debug_line    0x00000000       0xa7 c:/winavr-20100110/bin/../lib/gcc/avr/4.3.3/avr5\libgcc.a(_fixunssfsi.o)
 .debug_line    0x000000a7      0x2af c:/winavr-20100110/bin/../lib/gcc/avr/4.3.3/avr5\libgcc.a(_addsub_sf.o)
 .debug_line    0x00000356      0x239 c:/winavr-20100110/bin/../lib/gcc/avr/4.3.3/avr5\libgcc.a(_mul_sf.o)
 .debug_line    0x0000058f      0x1d5 c:/winavr-20100110/bin/../lib/gcc/avr/4.3.3/avr5\libgcc.a(_div_sf.o)
 .debug_line    0x00000764       0xd3 c:/winavr-20100110/bin/../lib/gcc/avr/4.3.3/avr5\libgcc.a(_gt_sf.o)
 .debug_line    0x00000837       0xd3 c:/winavr-20100110/bin/../lib/gcc/avr/4.3.3/avr5\libgcc.a(_ge_sf.o)
 .debug_line    0x0000090a       0xd3 c:/winavr-20100110/bin/../lib/gcc/avr/4.3.3/avr5\libgcc.a(_lt_sf.o)
 .debug_line    0x000009dd      0x109 c:/winavr-20100110/bin/../lib/gcc/avr/4.3.3/avr5\libgcc.a(_sf_to_si.o)
 .debug_line    0x00000ae6       0x90 c:/winavr-20100110/bin/../lib/gcc/avr/4.3.3/avr5\libgcc.a(_thenan_sf.o)
 .debug_line    0x00000b76      0x133 c:/winavr-20100110/bin/../lib/gcc/avr/4.3.3/avr5\libgcc.a(_usi_to_sf.o)
 .debug_line    0x00000ca9       0xa5 c:/winavr-20100110/bin/../lib/gcc/avr/4.3.3/avr5\libgcc.a(_clzsi2.o)
 .debug_line    0x00000d4e      0x18a c:/winavr-20100110/bin/../lib/gcc/avr/4.3.3/avr5\libgcc.a(_pack_sf.o)
 .debug_line    0x00000ed8      0x14b c:/winavr-20100110/bin/../lib/gcc/avr/4.3.3/avr5\libgcc.a(_unpack_sf.o)
 .debug_line    0x00001023      0x137 c:/winavr-20100110/bin/../lib/gcc/avr/4.3.3/avr5\libgcc.a(_fpcmp_parts_sf.o)
 .debug_line    0x0000115a       0x7c c:/winavr-20100110/bin/../lib/gcc/avr/4.3.3/avr5\libgcc.a(_clz.o)

.debug_frame    0x00000000      0x1c0
 *(.debug_frame)
 .debug_frame   0x00000000       0x20 c:/winavr-20100110/bin/../lib/gcc/avr/4.3.3/avr5\libgcc.a(_fixunssfsi.o)
 .debug_frame   0x00000020       0x40 c:/winavr-20100110/bin/../lib/gcc/avr/4.3.3/avr5\libgcc.a(_addsub_sf.o)
 .debug_frame   0x00000060       0x20 c:/winavr-20100110/bin/../lib/gcc/avr/4.3.3/avr5\libgcc.a(_mul_sf.o)
 .debug_frame   0x00000080       0x20 c:/winavr-20100110/bin/../lib/gcc/avr/4.3.3/avr5\libgcc.a(_div_sf.o)
 .debug_frame   0x000000a0       0x20 c:/winavr-20100110/bin/../lib/gcc/avr/4.3.3/avr5\libgcc.a(_gt_sf.o)
 .debug_frame   0x000000c0       0x20 c:/winavr-20100110/bin/../lib/gcc/avr/4.3.3/avr5\libgcc.a(_ge_sf.o)
 .debug_frame   0x000000e0       0x20 c:/winavr-20100110/bin/../lib/gcc/avr/4.3.3/avr5\libgcc.a(_lt_sf.o)
 .debug_frame   0x00000100       0x20 c:/winavr-20100110/bin/../lib/gcc/avr/4.3.3/avr5\libgcc.a(_sf_to_si.o)
 .debug_frame   0x00000120       0x20 c:/winavr-20100110/bin/../lib/gcc/avr/4.3.3/avr5\libgcc.a(_usi_to_sf.o)
 .debug_frame   0x00000140       0x20 c:/winavr-20100110/bin/../lib/gcc/avr/4.3.3/avr5\libgcc.a(_clzsi2.o)
 .debug_frame   0x00000160       0x20 c:/winavr-20100110/bin/../lib/gcc/avr/4.3.3/avr5\libgcc.a(_pack_sf.o)
 .debug_frame   0x00000180       0x20 c:/winavr-20100110/bin/../lib/gcc/avr/4.3.3/avr5\libgcc.a(_unpack_sf.o)
 .debug_frame   0x000001a0       0x20 c:/winavr-20100110/bin/../lib/gcc/avr/4.3.3/avr5\libgcc.a(_fpcmp_parts_sf.o)

.debug_str      0x00000000      0x2f6
 *(.debug_str)
 .debug_str     0x00000000       0xbf c:/winavr-20100110/bin/../lib/gcc/avr/4.3.3/avr5\libgcc.a(_fixunssfsi.o)
                                 0xfe (size before relaxing)
 .debug_str     0x000000bf      0x14d c:/winavr-20100110/bin/../lib/gcc/avr/4.3.3/avr5\libgcc.a(_addsub_sf.o)
                                0x206 (size before relaxing)
 .debug_str     0x0000020c       0x27 c:/winavr-20100110/bin/../lib/gcc/avr/4.3.3/avr5\libgcc.a(_mul_sf.o)
                                0x1bf (size before relaxing)
 .debug_str     0x00000233       0x35 c:/winavr-20100110/bin/../lib/gcc/avr/4.3.3/avr5\libgcc.a(_div_sf.o)
                                0x1c8 (size before relaxing)
 .debug_str     0x00000268        0x8 c:/winavr-20100110/bin/../lib/gcc/avr/4.3.3/avr5\libgcc.a(_gt_sf.o)
                                0x195 (size before relaxing)
 .debug_str     0x00000270        0x8 c:/winavr-20100110/bin/../lib/gcc/avr/4.3.3/avr5\libgcc.a(_ge_sf.o)
                                0x195 (size before relaxing)
 .debug_str     0x00000278        0x8 c:/winavr-20100110/bin/../lib/gcc/avr/4.3.3/avr5\libgcc.a(_lt_sf.o)
                                0x195 (size before relaxing)
 .debug_str     0x00000280        0xa c:/winavr-20100110/bin/../lib/gcc/avr/4.3.3/avr5\libgcc.a(_sf_to_si.o)
                                0x19e (size before relaxing)
 .debug_str     0x00000000      0x103 c:/winavr-20100110/bin/../lib/gcc/avr/4.3.3/avr5\libgcc.a(_thenan_sf.o)
 .debug_str     0x0000028a       0x21 c:/winavr-20100110/bin/../lib/gcc/avr/4.3.3/avr5\libgcc.a(_usi_to_sf.o)
                                0x177 (size before relaxing)
 .debug_str     0x000002ab       0x20 c:/winavr-20100110/bin/../lib/gcc/avr/4.3.3/avr5\libgcc.a(_clzsi2.o)
                                0x111 (size before relaxing)
 .debug_str     0x000002cb       0x10 c:/winavr-20100110/bin/../lib/gcc/avr/4.3.3/avr5\libgcc.a(_pack_sf.o)
                                0x19d (size before relaxing)
 .debug_str     0x000002db        0xb c:/winavr-20100110/bin/../lib/gcc/avr/4.3.3/avr5\libgcc.a(_unpack_sf.o)
                                0x17f (size before relaxing)
 .debug_str     0x000002e6       0x10 c:/winavr-20100110/bin/../lib/gcc/avr/4.3.3/avr5\libgcc.a(_fpcmp_parts_sf.o)
                                0x163 (size before relaxing)
 .debug_str     0x00000000       0xf4 c:/winavr-20100110/bin/../lib/gcc/avr/4.3.3/avr5\libgcc.a(_clz.o)

.debug_loc      0x00000000      0x96e
 *(.debug_loc)
 .debug_loc     0x00000000       0x34 c:/winavr-20100110/bin/../lib/gcc/avr/4.3.3/avr5\libgcc.a(_fixunssfsi.o)
 .debug_loc     0x00000034      0x32a c:/winavr-20100110/bin/../lib/gcc/avr/4.3.3/avr5\libgcc.a(_addsub_sf.o)
 .debug_loc     0x0000035e      0x104 c:/winavr-20100110/bin/../lib/gcc/avr/4.3.3/avr5\libgcc.a(_mul_sf.o)
 .debug_loc     0x00000462       0xc0 c:/winavr-20100110/bin/../lib/gcc/avr/4.3.3/avr5\libgcc.a(_div_sf.o)
 .debug_loc     0x00000522       0x3c c:/winavr-20100110/bin/../lib/gcc/avr/4.3.3/avr5\libgcc.a(_gt_sf.o)
 .debug_loc     0x0000055e       0x3c c:/winavr-20100110/bin/../lib/gcc/avr/4.3.3/avr5\libgcc.a(_ge_sf.o)
 .debug_loc     0x0000059a       0x3c c:/winavr-20100110/bin/../lib/gcc/avr/4.3.3/avr5\libgcc.a(_lt_sf.o)
 .debug_loc     0x000005d6       0x7e c:/winavr-20100110/bin/../lib/gcc/avr/4.3.3/avr5\libgcc.a(_sf_to_si.o)
 .debug_loc     0x00000654       0x4c c:/winavr-20100110/bin/../lib/gcc/avr/4.3.3/avr5\libgcc.a(_usi_to_sf.o)
 .debug_loc     0x000006a0       0x94 c:/winavr-20100110/bin/../lib/gcc/avr/4.3.3/avr5\libgcc.a(_clzsi2.o)
 .debug_loc     0x00000734      0x13e c:/winavr-20100110/bin/../lib/gcc/avr/4.3.3/avr5\libgcc.a(_pack_sf.o)
 .debug_loc     0x00000872       0xac c:/winavr-20100110/bin/../lib/gcc/avr/4.3.3/avr5\libgcc.a(_unpack_sf.o)
 .debug_loc     0x0000091e       0x50 c:/winavr-20100110/bin/../lib/gcc/avr/4.3.3/avr5\libgcc.a(_fpcmp_parts_sf.o)

.debug_macinfo
 *(.debug_macinfo)
OUTPUT(Vehicle-Direction-FinalProject.elf elf32-avr)
LOAD linker stubs

.debug_ranges   0x00000000       0x50
 .debug_ranges  0x00000000       0x50 c:/winavr-20100110/bin/../lib/gcc/avr/4.3.3/avr5\libgcc.a(_mul_sf.o)
