Archive member included because of file (symbol)

c:/winavr-20100110/bin/../lib/gcc/avr/4.3.3/avr5\libgcc.a(_udivmodhi4.o)
                              ./Source/queue.o (__udivmodhi4)
c:/winavr-20100110/bin/../lib/gcc/avr/4.3.3/avr5\libgcc.a(_divmodhi4.o)
                              ./poller.o (__divmodhi4)
c:/winavr-20100110/bin/../lib/gcc/avr/4.3.3/avr5\libgcc.a(_exit.o)
                              c:/winavr-20100110/bin/../lib/gcc/avr/4.3.3/../../../../avr/lib/avr5/crtm32.o (exit)
c:/winavr-20100110/bin/../lib/gcc/avr/4.3.3/avr5\libgcc.a(_copy_data.o)
                              ./Source/tasks.o (__do_copy_data)
c:/winavr-20100110/bin/../lib/gcc/avr/4.3.3/avr5\libgcc.a(_clear_bss.o)
                              ./Source/portable/MemMang/heap_1.o (__do_clear_bss)
c:/winavr-20100110/bin/../lib/gcc/avr/4.3.3/avr5\libgcc.a(_fixunssfsi.o)
                              ./PollingDataClient.o (__fixunssfsi)
c:/winavr-20100110/bin/../lib/gcc/avr/4.3.3/avr5\libgcc.a(_addsub_sf.o)
                              c:/winavr-20100110/bin/../lib/gcc/avr/4.3.3/avr5\libgcc.a(_fixunssfsi.o) (__subsf3)
c:/winavr-20100110/bin/../lib/gcc/avr/4.3.3/avr5\libgcc.a(_mul_sf.o)
                              ./PollingDataClient.o (__mulsf3)
c:/winavr-20100110/bin/../lib/gcc/avr/4.3.3/avr5\libgcc.a(_div_sf.o)
                              ./Timer1_PWM.o (__divsf3)
c:/winavr-20100110/bin/../lib/gcc/avr/4.3.3/avr5\libgcc.a(_gt_sf.o)
                              ./PollingDataClient.o (__gtsf2)
c:/winavr-20100110/bin/../lib/gcc/avr/4.3.3/avr5\libgcc.a(_ge_sf.o)
                              c:/winavr-20100110/bin/../lib/gcc/avr/4.3.3/avr5\libgcc.a(_fixunssfsi.o) (__gesf2)
c:/winavr-20100110/bin/../lib/gcc/avr/4.3.3/avr5\libgcc.a(_lt_sf.o)
                              ./PollingDataClient.o (__ltsf2)
c:/winavr-20100110/bin/../lib/gcc/avr/4.3.3/avr5\libgcc.a(_sf_to_si.o)
                              c:/winavr-20100110/bin/../lib/gcc/avr/4.3.3/avr5\libgcc.a(_fixunssfsi.o) (__fixsfsi)
c:/winavr-20100110/bin/../lib/gcc/avr/4.3.3/avr5\libgcc.a(_thenan_sf.o)
                              c:/winavr-20100110/bin/../lib/gcc/avr/4.3.3/avr5\libgcc.a(_addsub_sf.o) (__thenan_sf)
c:/winavr-20100110/bin/../lib/gcc/avr/4.3.3/avr5\libgcc.a(_usi_to_sf.o)
                              ./Timer1_PWM.o (__floatunsisf)
c:/winavr-20100110/bin/../lib/gcc/avr/4.3.3/avr5\libgcc.a(_prologue.o)
                              c:/winavr-20100110/bin/../lib/gcc/avr/4.3.3/avr5\libgcc.a(_addsub_sf.o) (__prologue_saves__)
c:/winavr-20100110/bin/../lib/gcc/avr/4.3.3/avr5\libgcc.a(_epilogue.o)
                              c:/winavr-20100110/bin/../lib/gcc/avr/4.3.3/avr5\libgcc.a(_addsub_sf.o) (__epilogue_restores__)
c:/winavr-20100110/bin/../lib/gcc/avr/4.3.3/avr5\libgcc.a(_clzsi2.o)
                              c:/winavr-20100110/bin/../lib/gcc/avr/4.3.3/avr5\libgcc.a(_usi_to_sf.o) (__clzsi2)
c:/winavr-20100110/bin/../lib/gcc/avr/4.3.3/avr5\libgcc.a(_pack_sf.o)
                              c:/winavr-20100110/bin/../lib/gcc/avr/4.3.3/avr5\libgcc.a(_addsub_sf.o) (__pack_f)
c:/winavr-20100110/bin/../lib/gcc/avr/4.3.3/avr5\libgcc.a(_unpack_sf.o)
                              c:/winavr-20100110/bin/../lib/gcc/avr/4.3.3/avr5\libgcc.a(_addsub_sf.o) (__unpack_f)
c:/winavr-20100110/bin/../lib/gcc/avr/4.3.3/avr5\libgcc.a(_fpcmp_parts_sf.o)
                              c:/winavr-20100110/bin/../lib/gcc/avr/4.3.3/avr5\libgcc.a(_gt_sf.o) (__fpcmp_parts_f)
c:/winavr-20100110/bin/../lib/gcc/avr/4.3.3/avr5\libgcc.a(_clz.o)
                              c:/winavr-20100110/bin/../lib/gcc/avr/4.3.3/avr5\libgcc.a(_clzsi2.o) (__clz_tab)
c:/winavr-20100110/bin/../lib/gcc/avr/4.3.3/../../../../avr/lib/avr5\libc.a(memcpy.o)
                              ./Source/queue.o (memcpy)
c:/winavr-20100110/bin/../lib/gcc/avr/4.3.3/../../../../avr/lib/avr5\libc.a(memset.o)
                              ./Source/tasks.o (memset)
c:/winavr-20100110/bin/../lib/gcc/avr/4.3.3/../../../../avr/lib/avr5\libc.a(itoa.o)
                              ./lcd.o (itoa)
c:/winavr-20100110/bin/../lib/gcc/avr/4.3.3/../../../../avr/lib/avr5\libc.a(strrev.o)
                              c:/winavr-20100110/bin/../lib/gcc/avr/4.3.3/../../../../avr/lib/avr5\libc.a(itoa.o) (strrev)

Allocating common symbols
Common symbol       size              file

state               0x1               ./PollingDataClient.o
task2ptr            0x2               ./main.o
task1ptr            0x2               ./main.o
data                0x1               ./device.o
TopValue            0x4               ./Timer1_PWM.o

Memory Configuration

Name             Origin             Length             Attributes
text             0x00000000         0x00020000         xr
data             0x00800060         0x0000ffa0         rw !x
eeprom           0x00810000         0x00010000         rw !x
fuse             0x00820000         0x00000400         rw !x
lock             0x00830000         0x00000400         rw !x
signature        0x00840000         0x00000400         rw !x
*default*        0x00000000         0xffffffff

Linker script and memory map

LOAD c:/winavr-20100110/bin/../lib/gcc/avr/4.3.3/../../../../avr/lib/avr5/crtm32.o
LOAD ./Source/portable/MemMang/heap_1.o
LOAD ./Source/portable/GCC/ATMega323/port.o
LOAD ./Source/croutine.o
LOAD ./Source/event_groups.o
LOAD ./Source/list.o
LOAD ./Source/queue.o
LOAD ./Source/tasks.o
LOAD ./Source/timers.o
LOAD ./DIO_config.o
LOAD ./PollingDataClient.o
LOAD ./Timer1_PWM.o
LOAD ./TimerCompareMode.o
LOAD ./device.o
LOAD ./gpio.o
LOAD ./lcd.o
LOAD ./main.o
LOAD ./poller.o
LOAD c:/winavr-20100110/bin/../lib/gcc/avr/4.3.3/avr5\libgcc.a
LOAD c:/winavr-20100110/bin/../lib/gcc/avr/4.3.3/../../../../avr/lib/avr5\libc.a
LOAD c:/winavr-20100110/bin/../lib/gcc/avr/4.3.3/avr5\libgcc.a

.hash
 *(.hash)

.dynsym
 *(.dynsym)

.dynstr
 *(.dynstr)

.gnu.version
 *(.gnu.version)

.gnu.version_d
 *(.gnu.version_d)

.gnu.version_r
 *(.gnu.version_r)

.rel.init
 *(.rel.init)

.rela.init
 *(.rela.init)

.rel.text
 *(.rel.text)
 *(.rel.text.*)
 *(.rel.gnu.linkonce.t*)

.rela.text
 *(.rela.text)
 *(.rela.text.*)
 *(.rela.gnu.linkonce.t*)

.rel.fini
 *(.rel.fini)

.rela.fini
 *(.rela.fini)

.rel.rodata
 *(.rel.rodata)
 *(.rel.rodata.*)
 *(.rel.gnu.linkonce.r*)

.rela.rodata
 *(.rela.rodata)
 *(.rela.rodata.*)
 *(.rela.gnu.linkonce.r*)

.rel.data
 *(.rel.data)
 *(.rel.data.*)
 *(.rel.gnu.linkonce.d*)

.rela.data
 *(.rela.data)
 *(.rela.data.*)
 *(.rela.gnu.linkonce.d*)

.rel.ctors
 *(.rel.ctors)

.rela.ctors
 *(.rela.ctors)

.rel.dtors
 *(.rel.dtors)

.rela.dtors
 *(.rela.dtors)

.rel.got
 *(.rel.got)

.rela.got
 *(.rela.got)

.rel.bss
 *(.rel.bss)

.rela.bss
 *(.rela.bss)

.rel.plt
 *(.rel.plt)

.rela.plt
 *(.rela.plt)

.text           0x00000000     0x96b6
 *(.vectors)
 .vectors       0x00000000       0x54 c:/winavr-20100110/bin/../lib/gcc/avr/4.3.3/../../../../avr/lib/avr5/crtm32.o
                0x00000000                __vectors
                0x00000000                __vector_default
 *(.vectors)
 *(.progmem.gcc*)
 *(.progmem*)
                0x00000054                . = ALIGN (0x2)
                0x00000054                __trampolines_start = .
 *(.trampolines)
 .trampolines   0x00000054        0x0 linker stubs
 *(.trampolines*)
                0x00000054                __trampolines_end = .
 *(.jumptables)
 *(.jumptables*)
 *(.lowtext)
 *(.lowtext*)
                0x00000054                __ctors_start = .
 *(.ctors)
                0x00000054                __ctors_end = .
                0x00000054                __dtors_start = .
 *(.dtors)
                0x00000054                __dtors_end = .
 SORT(*)(.ctors)
 SORT(*)(.dtors)
 *(.init0)
 .init0         0x00000054        0x0 c:/winavr-20100110/bin/../lib/gcc/avr/4.3.3/../../../../avr/lib/avr5/crtm32.o
                0x00000054                __init
 *(.init0)
 *(.init1)
 *(.init1)
 *(.init2)
 .init2         0x00000054        0xc c:/winavr-20100110/bin/../lib/gcc/avr/4.3.3/../../../../avr/lib/avr5/crtm32.o
 *(.init2)
 *(.init3)
 *(.init3)
 *(.init4)
 .init4         0x00000060       0x16 c:/winavr-20100110/bin/../lib/gcc/avr/4.3.3/avr5\libgcc.a(_copy_data.o)
                0x00000060                __do_copy_data
 .init4         0x00000076       0x10 c:/winavr-20100110/bin/../lib/gcc/avr/4.3.3/avr5\libgcc.a(_clear_bss.o)
                0x00000076                __do_clear_bss
 *(.init4)
 *(.init5)
 *(.init5)
 *(.init6)
 *(.init6)
 *(.init7)
 *(.init7)
 *(.init8)
 *(.init8)
 *(.init9)
 .init9         0x00000086        0x8 c:/winavr-20100110/bin/../lib/gcc/avr/4.3.3/../../../../avr/lib/avr5/crtm32.o
 *(.init9)
 *(.text)
 .text          0x0000008e        0x4 c:/winavr-20100110/bin/../lib/gcc/avr/4.3.3/../../../../avr/lib/avr5/crtm32.o
                0x0000008e                __vector_1
                0x0000008e                __vector_12
                0x0000008e                __bad_interrupt
                0x0000008e                __vector_6
                0x0000008e                __vector_3
                0x0000008e                __vector_11
                0x0000008e                __vector_13
                0x0000008e                __vector_17
                0x0000008e                __vector_19
                0x0000008e                __vector_5
                0x0000008e                __vector_9
                0x0000008e                __vector_2
                0x0000008e                __vector_15
                0x0000008e                __vector_8
                0x0000008e                __vector_14
                0x0000008e                __vector_10
                0x0000008e                __vector_16
                0x0000008e                __vector_18
                0x0000008e                __vector_20
 .text          0x00000092        0x0 ./Source/portable/MemMang/heap_1.o
 .text          0x00000092        0x0 ./Source/portable/GCC/ATMega323/port.o
 .text          0x00000092        0x0 ./Source/croutine.o
 .text          0x00000092        0x0 ./Source/event_groups.o
 .text          0x00000092        0x0 ./Source/list.o
 .text          0x00000092        0x0 ./Source/queue.o
 .text          0x00000092        0x0 ./Source/tasks.o
 .text          0x00000092        0x0 ./Source/timers.o
 .text          0x00000092        0x0 ./DIO_config.o
 .text          0x00000092        0x0 ./PollingDataClient.o
 .text          0x00000092        0x0 ./Timer1_PWM.o
 .text          0x00000092        0x0 ./TimerCompareMode.o
 .text          0x00000092        0x0 ./device.o
 .text          0x00000092        0x0 ./gpio.o
 .text          0x00000092        0x0 ./lcd.o
 .text          0x00000092        0x0 ./main.o
 .text          0x00000092        0x0 ./poller.o
 .text          0x00000092        0x0 c:/winavr-20100110/bin/../lib/gcc/avr/4.3.3/avr5\libgcc.a(_udivmodhi4.o)
 .text          0x00000092        0x0 c:/winavr-20100110/bin/../lib/gcc/avr/4.3.3/avr5\libgcc.a(_divmodhi4.o)
 .text          0x00000092        0x0 c:/winavr-20100110/bin/../lib/gcc/avr/4.3.3/avr5\libgcc.a(_exit.o)
 .text          0x00000092        0x0 c:/winavr-20100110/bin/../lib/gcc/avr/4.3.3/avr5\libgcc.a(_copy_data.o)
 .text          0x00000092        0x0 c:/winavr-20100110/bin/../lib/gcc/avr/4.3.3/avr5\libgcc.a(_clear_bss.o)
 .text          0x00000092       0x58 c:/winavr-20100110/bin/../lib/gcc/avr/4.3.3/avr5\libgcc.a(_fixunssfsi.o)
                0x00000092                __fixunssfsi
 .text          0x000000ea      0x354 c:/winavr-20100110/bin/../lib/gcc/avr/4.3.3/avr5\libgcc.a(_addsub_sf.o)
                0x00000382                __subsf3
                0x000003e4                __addsf3
 .text          0x0000043e      0x1f4 c:/winavr-20100110/bin/../lib/gcc/avr/4.3.3/avr5\libgcc.a(_mul_sf.o)
                0x0000043e                __mulsf3
 .text          0x00000632      0x158 c:/winavr-20100110/bin/../lib/gcc/avr/4.3.3/avr5\libgcc.a(_div_sf.o)
                0x00000632                __divsf3
 .text          0x0000078a       0x60 c:/winavr-20100110/bin/../lib/gcc/avr/4.3.3/avr5\libgcc.a(_gt_sf.o)
                0x0000078a                __gtsf2
 .text          0x000007ea       0x60 c:/winavr-20100110/bin/../lib/gcc/avr/4.3.3/avr5\libgcc.a(_ge_sf.o)
                0x000007ea                __gesf2
 .text          0x0000084a       0x60 c:/winavr-20100110/bin/../lib/gcc/avr/4.3.3/avr5\libgcc.a(_lt_sf.o)
                0x0000084a                __ltsf2
 .text          0x000008aa       0xa8 c:/winavr-20100110/bin/../lib/gcc/avr/4.3.3/avr5\libgcc.a(_sf_to_si.o)
                0x000008aa                __fixsfsi
 .text          0x00000952        0x0 c:/winavr-20100110/bin/../lib/gcc/avr/4.3.3/avr5\libgcc.a(_thenan_sf.o)
 .text          0x00000952       0xf2 c:/winavr-20100110/bin/../lib/gcc/avr/4.3.3/avr5\libgcc.a(_usi_to_sf.o)
                0x00000952                __floatunsisf
 .text          0x00000a44        0x0 c:/winavr-20100110/bin/../lib/gcc/avr/4.3.3/avr5\libgcc.a(_prologue.o)
 .text          0x00000a44        0x0 c:/winavr-20100110/bin/../lib/gcc/avr/4.3.3/avr5\libgcc.a(_epilogue.o)
 .text          0x00000a44       0x9e c:/winavr-20100110/bin/../lib/gcc/avr/4.3.3/avr5\libgcc.a(_clzsi2.o)
                0x00000a44                __clzsi2
 .text          0x00000ae2      0x1aa c:/winavr-20100110/bin/../lib/gcc/avr/4.3.3/avr5\libgcc.a(_pack_sf.o)
                0x00000ae2                __pack_f
 .text          0x00000c8c       0xf0 c:/winavr-20100110/bin/../lib/gcc/avr/4.3.3/avr5\libgcc.a(_unpack_sf.o)
                0x00000c8c                __unpack_f
 .text          0x00000d7c       0xb2 c:/winavr-20100110/bin/../lib/gcc/avr/4.3.3/avr5\libgcc.a(_fpcmp_parts_sf.o)
                0x00000d7c                __fpcmp_parts_f
 .text          0x00000e2e        0x0 c:/winavr-20100110/bin/../lib/gcc/avr/4.3.3/avr5\libgcc.a(_clz.o)
 .text          0x00000e2e        0x0 c:/winavr-20100110/bin/../lib/gcc/avr/4.3.3/../../../../avr/lib/avr5\libc.a(memcpy.o)
 .text          0x00000e2e        0x0 c:/winavr-20100110/bin/../lib/gcc/avr/4.3.3/../../../../avr/lib/avr5\libc.a(memset.o)
 .text          0x00000e2e        0x0 c:/winavr-20100110/bin/../lib/gcc/avr/4.3.3/../../../../avr/lib/avr5\libc.a(itoa.o)
 .text          0x00000e2e        0x0 c:/winavr-20100110/bin/../lib/gcc/avr/4.3.3/../../../../avr/lib/avr5\libc.a(strrev.o)
                0x00000e2e                . = ALIGN (0x2)
 *(.text.*)
 .text.pvPortMalloc
                0x00000e2e       0xb4 ./Source/portable/MemMang/heap_1.o
                0x00000e2e                pvPortMalloc
 .text.vPortFree
                0x00000ee2       0x18 ./Source/portable/MemMang/heap_1.o
                0x00000ee2                vPortFree
 .text.vPortInitialiseBlocks
                0x00000efa       0x16 ./Source/portable/MemMang/heap_1.o
                0x00000efa                vPortInitialiseBlocks
 .text.xPortGetFreeHeapSize
                0x00000f10       0x1e ./Source/portable/MemMang/heap_1.o
                0x00000f10                xPortGetFreeHeapSize
 .text.pxPortInitialiseStack
                0x00000f2e      0x306 ./Source/portable/GCC/ATMega323/port.o
                0x00000f2e                pxPortInitialiseStack
 .text.xPortStartScheduler
                0x00001234       0x6a ./Source/portable/GCC/ATMega323/port.o
                0x00001234                xPortStartScheduler
 .text.vPortEndScheduler
                0x0000129e        0xe ./Source/portable/GCC/ATMega323/port.o
                0x0000129e                vPortEndScheduler
 .text.vPortYield
                0x000012ac       0xb2 ./Source/portable/GCC/ATMega323/port.o
                0x000012ac                vPortYield
 .text.vPortYieldFromTick
                0x0000135e       0xba ./Source/portable/GCC/ATMega323/port.o
                0x0000135e                vPortYieldFromTick
 .text.prvSetupTimerInterrupt
                0x00001418       0xb8 ./Source/portable/GCC/ATMega323/port.o
 .text.__vector_7
                0x000014d0        0x6 ./Source/portable/GCC/ATMega323/port.o
                0x000014d0                __vector_7
 .text.xCoRoutineCreate
                0x000014d6      0x128 ./Source/croutine.o
                0x000014d6                xCoRoutineCreate
 .text.vCoRoutineAddToDelayedList
                0x000015fe       0xc2 ./Source/croutine.o
                0x000015fe                vCoRoutineAddToDelayedList
 .text.prvCheckPendingReadyList
                0x000016c0       0x94 ./Source/croutine.o
 .text.prvCheckDelayedList
                0x00001754      0x15c ./Source/croutine.o
 .text.vCoRoutineSchedule
                0x000018b0      0x102 ./Source/croutine.o
                0x000018b0                vCoRoutineSchedule
 .text.prvInitialiseCoRoutineLists
                0x000019b2       0x72 ./Source/croutine.o
 .text.xCoRoutineRemoveFromEventList
                0x00001a24       0x70 ./Source/croutine.o
                0x00001a24                xCoRoutineRemoveFromEventList
 .text.xEventGroupCreate
                0x00001a94       0x3e ./Source/event_groups.o
                0x00001a94                xEventGroupCreate
 .text.xEventGroupSync
                0x00001ad2      0x172 ./Source/event_groups.o
                0x00001ad2                xEventGroupSync
 .text.xEventGroupWaitBits
                0x00001c44      0x18c ./Source/event_groups.o
                0x00001c44                xEventGroupWaitBits
 .text.xEventGroupClearBits
                0x00001dd0       0x6c ./Source/event_groups.o
                0x00001dd0                xEventGroupClearBits
 .text.xEventGroupGetBitsFromISR
                0x00001e3c       0x44 ./Source/event_groups.o
                0x00001e3c                xEventGroupGetBitsFromISR
 .text.xEventGroupSetBits
                0x00001e80      0x164 ./Source/event_groups.o
                0x00001e80                xEventGroupSetBits
 .text.vEventGroupDelete
                0x00001fe4       0x62 ./Source/event_groups.o
                0x00001fe4                vEventGroupDelete
 .text.vEventGroupSetBitsCallback
                0x00002046       0x3a ./Source/event_groups.o
                0x00002046                vEventGroupSetBitsCallback
 .text.vEventGroupClearBitsCallback
                0x00002080       0x3a ./Source/event_groups.o
                0x00002080                vEventGroupClearBitsCallback
 .text.prvTestWaitCondition
                0x000020ba       0x64 ./Source/event_groups.o
 .text.vListInitialise
                0x0000211e       0x54 ./Source/list.o
                0x0000211e                vListInitialise
 .text.vListInitialiseItem
                0x00002172       0x20 ./Source/list.o
                0x00002172                vListInitialiseItem
 .text.vListInsertEnd
                0x00002192       0x88 ./Source/list.o
                0x00002192                vListInsertEnd
 .text.vListInsert
                0x0000221a       0xd8 ./Source/list.o
                0x0000221a                vListInsert
 .text.uxListRemove
                0x000022f2       0x98 ./Source/list.o
                0x000022f2                uxListRemove
 .text.xQueueGenericReset
                0x0000238a      0x156 ./Source/queue.o
                0x0000238a                xQueueGenericReset
 .text.xQueueGenericCreate
                0x000024e0       0xe8 ./Source/queue.o
                0x000024e0                xQueueGenericCreate
 .text.prvInitialiseNewQueue
                0x000025c8       0x76 ./Source/queue.o
 .text.xQueueGenericSend
                0x0000263e      0x158 ./Source/queue.o
                0x0000263e                xQueueGenericSend
 .text.xQueueGenericSendFromISR
                0x00002796       0xb8 ./Source/queue.o
                0x00002796                xQueueGenericSendFromISR
 .text.xQueueGiveFromISR
                0x0000284e       0xa2 ./Source/queue.o
                0x0000284e                xQueueGiveFromISR
 .text.xQueueReceive
                0x000028f0      0x156 ./Source/queue.o
                0x000028f0                xQueueReceive
 .text.xQueueSemaphoreTake
                0x00002a46      0x144 ./Source/queue.o
                0x00002a46                xQueueSemaphoreTake
 .text.xQueuePeek
                0x00002b8a      0x164 ./Source/queue.o
                0x00002b8a                xQueuePeek
 .text.xQueueReceiveFromISR
                0x00002cee       0xae ./Source/queue.o
                0x00002cee                xQueueReceiveFromISR
 .text.xQueuePeekFromISR
                0x00002d9c       0x72 ./Source/queue.o
                0x00002d9c                xQueuePeekFromISR
 .text.uxQueueMessagesWaiting
                0x00002e0e       0x30 ./Source/queue.o
                0x00002e0e                uxQueueMessagesWaiting
 .text.uxQueueSpacesAvailable
                0x00002e3e       0x4a ./Source/queue.o
                0x00002e3e                uxQueueSpacesAvailable
 .text.uxQueueMessagesWaitingFromISR
                0x00002e88       0x34 ./Source/queue.o
                0x00002e88                uxQueueMessagesWaitingFromISR
 .text.vQueueDelete
                0x00002ebc       0x2e ./Source/queue.o
                0x00002ebc                vQueueDelete
 .text.prvCopyDataToQueue
                0x00002eea      0x14c ./Source/queue.o
 .text.prvCopyDataFromQueue
                0x00003036       0x8e ./Source/queue.o
 .text.prvUnlockQueue
                0x000030c4       0xa6 ./Source/queue.o
 .text.prvIsQueueEmpty
                0x0000316a       0x3a ./Source/queue.o
 .text.xQueueIsQueueEmptyFromISR
                0x000031a4       0x3e ./Source/queue.o
                0x000031a4                xQueueIsQueueEmptyFromISR
 .text.prvIsQueueFull
                0x000031e2       0x40 ./Source/queue.o
 .text.xQueueIsQueueFullFromISR
                0x00003222       0x44 ./Source/queue.o
                0x00003222                xQueueIsQueueFullFromISR
 .text.xQueueCRSend
                0x00003266       0xc2 ./Source/queue.o
                0x00003266                xQueueCRSend
 .text.xQueueCRReceive
                0x00003328      0x11c ./Source/queue.o
                0x00003328                xQueueCRReceive
 .text.xQueueCRSendFromISR
                0x00003444       0x82 ./Source/queue.o
                0x00003444                xQueueCRSendFromISR
 .text.xQueueCRReceiveFromISR
                0x000034c6       0xea ./Source/queue.o
                0x000034c6                xQueueCRReceiveFromISR
 .text.vQueueWaitForMessageRestricted
                0x000035b0       0x86 ./Source/queue.o
                0x000035b0                vQueueWaitForMessageRestricted
 .text.xTaskCreate
                0x00003636       0xf0 ./Source/tasks.o
                0x00003636                xTaskCreate
 .text.prvInitialiseNewTask
                0x00003726      0x18a ./Source/tasks.o
 .text.prvAddNewTaskToReadyList
                0x000038b0      0x17a ./Source/tasks.o
 .text.vTaskDelete
                0x00003a2a       0xf6 ./Source/tasks.o
                0x00003a2a                vTaskDelete
 .text.xTaskDelayUntil
                0x00003b20       0xe6 ./Source/tasks.o
                0x00003b20                xTaskDelayUntil
 .text.vTaskDelay
                0x00003c06       0x44 ./Source/tasks.o
                0x00003c06                vTaskDelay
 .text.vTaskStartScheduler
                0x00003c4a       0x76 ./Source/tasks.o
                0x00003c4a                vTaskStartScheduler
 .text.vTaskEndScheduler
                0x00003cc0       0x18 ./Source/tasks.o
                0x00003cc0                vTaskEndScheduler
 .text.vTaskSuspendAll
                0x00003cd8       0x18 ./Source/tasks.o
                0x00003cd8                vTaskSuspendAll
 .text.xTaskResumeAll
                0x00003cf0      0x2a0 ./Source/tasks.o
                0x00003cf0                xTaskResumeAll
 .text.xTaskGetTickCount
                0x00003f90       0x2e ./Source/tasks.o
                0x00003f90                xTaskGetTickCount
 .text.xTaskGetTickCountFromISR
                0x00003fbe       0x2a ./Source/tasks.o
                0x00003fbe                xTaskGetTickCountFromISR
 .text.uxTaskGetNumberOfTasks
                0x00003fe8       0x12 ./Source/tasks.o
                0x00003fe8                uxTaskGetNumberOfTasks
 .text.pcTaskGetName
                0x00003ffa       0x50 ./Source/tasks.o
                0x00003ffa                pcTaskGetName
 .text.xTaskCatchUpTicks
                0x0000404a       0x40 ./Source/tasks.o
                0x0000404a                xTaskCatchUpTicks
 .text.xTaskIncrementTick
                0x0000408a      0x32e ./Source/tasks.o
                0x0000408a                xTaskIncrementTick
 .text.vTaskSwitchContext
                0x000043b8       0xda ./Source/tasks.o
                0x000043b8                vTaskSwitchContext
 .text.vTaskPlaceOnEventList
                0x00004492       0x44 ./Source/tasks.o
                0x00004492                vTaskPlaceOnEventList
 .text.vTaskPlaceOnUnorderedEventList
                0x000044d6       0xca ./Source/tasks.o
                0x000044d6                vTaskPlaceOnUnorderedEventList
 .text.vTaskPlaceOnEventListRestricted
                0x000045a0       0xc4 ./Source/tasks.o
                0x000045a0                vTaskPlaceOnEventListRestricted
 .text.xTaskRemoveFromEventList
                0x00004664      0x288 ./Source/tasks.o
                0x00004664                xTaskRemoveFromEventList
 .text.vTaskRemoveFromUnorderedEventList
                0x000048ec      0x21c ./Source/tasks.o
                0x000048ec                vTaskRemoveFromUnorderedEventList
 .text.vTaskSetTimeOutState
                0x00004b08       0x3c ./Source/tasks.o
                0x00004b08                vTaskSetTimeOutState
 .text.vTaskInternalSetTimeOutState
                0x00004b44       0x32 ./Source/tasks.o
                0x00004b44                vTaskInternalSetTimeOutState
 .text.xTaskCheckForTimeOut
                0x00004b76       0xce ./Source/tasks.o
                0x00004b76                xTaskCheckForTimeOut
 .text.vTaskMissedYield
                0x00004c44       0x14 ./Source/tasks.o
                0x00004c44                vTaskMissedYield
 .text.prvIdleTask
                0x00004c58       0x20 ./Source/tasks.o
 .text.prvInitialiseTaskLists
                0x00004c78       0x7a ./Source/tasks.o
 .text.prvCheckTasksWaitingTermination
                0x00004cf2       0x5e ./Source/tasks.o
 .text.prvDeleteTCB
                0x00004d50       0x2c ./Source/tasks.o
 .text.prvResetNextTaskUnblockTime
                0x00004d7c       0x44 ./Source/tasks.o
 .text.xTaskGetSchedulerState
                0x00004dc0       0x32 ./Source/tasks.o
                0x00004dc0                xTaskGetSchedulerState
 .text.uxTaskResetEventItemValue
                0x00004df2       0x4e ./Source/tasks.o
                0x00004df2                uxTaskResetEventItemValue
 .text.ulTaskGenericNotifyTake
                0x00004e40      0x16c ./Source/tasks.o
                0x00004e40                ulTaskGenericNotifyTake
 .text.xTaskGenericNotifyWait
                0x00004fac      0x1ee ./Source/tasks.o
                0x00004fac                xTaskGenericNotifyWait
 .text.xTaskGenericNotify
                0x0000519a      0x37c ./Source/tasks.o
                0x0000519a                xTaskGenericNotify
 .text.xTaskGenericNotifyFromISR
                0x00005516      0x3fe ./Source/tasks.o
                0x00005516                xTaskGenericNotifyFromISR
 .text.vTaskGenericNotifyGiveFromISR
                0x00005914      0x2a0 ./Source/tasks.o
                0x00005914                vTaskGenericNotifyGiveFromISR
 .text.xTaskGenericNotifyStateClear
                0x00005bb4       0x92 ./Source/tasks.o
                0x00005bb4                xTaskGenericNotifyStateClear
 .text.ulTaskGenericNotifyValueClear
                0x00005c46      0x104 ./Source/tasks.o
                0x00005c46                ulTaskGenericNotifyValueClear
 .text.prvAddCurrentTaskToDelayedList
                0x00005d4a       0xcc ./Source/tasks.o
 .text.xTimerCreateTimerTask
                0x00005e16       0x52 ./Source/timers.o
                0x00005e16                xTimerCreateTimerTask
 .text.xTimerCreate
                0x00005e68       0x86 ./Source/timers.o
                0x00005e68                xTimerCreate
 .text.prvInitialiseNewTimer
                0x00005eee       0x9e ./Source/timers.o
 .text.xTimerGenericCommand
                0x00005f8c       0xca ./Source/timers.o
                0x00005f8c                xTimerGenericCommand
 .text.xTimerGetTimerDaemonTaskHandle
                0x00006056       0x16 ./Source/timers.o
                0x00006056                xTimerGetTimerDaemonTaskHandle
 .text.xTimerGetPeriod
                0x0000606c       0x2e ./Source/timers.o
                0x0000606c                xTimerGetPeriod
 .text.vTimerSetReloadMode
                0x0000609a       0x5a ./Source/timers.o
                0x0000609a                vTimerSetReloadMode
 .text.uxTimerGetReloadMode
                0x000060f4       0x50 ./Source/timers.o
                0x000060f4                uxTimerGetReloadMode
 .text.xTimerGetExpiryTime
                0x00006144       0x3c ./Source/timers.o
                0x00006144                xTimerGetExpiryTime
 .text.pcTimerGetName
                0x00006180       0x2e ./Source/timers.o
                0x00006180                pcTimerGetName
 .text.prvReloadTimer
                0x000061ae       0x7e ./Source/timers.o
 .text.prvProcessExpiredTimer
                0x0000622c       0x8c ./Source/timers.o
 .text.prvTimerTask
                0x000062b8       0x30 ./Source/timers.o
 .text.prvProcessTimerOrBlockTask
                0x000062e8       0xae ./Source/timers.o
 .text.prvGetNextExpireTime
                0x00006396       0x68 ./Source/timers.o
 .text.prvSampleTimeNow
                0x000063fe       0x5c ./Source/timers.o
 .text.prvInsertTimerInActiveList
                0x0000645a       0xd0 ./Source/timers.o
 .text.prvProcessReceivedCommands
                0x0000652a      0x1f6 ./Source/timers.o
 .text.prvSwitchTimerLists
                0x00006720       0x74 ./Source/timers.o
 .text.prvCheckForValidListAndQueue
                0x00006794       0x5e ./Source/timers.o
 .text.xTimerIsTimerActive
                0x000067f2       0x50 ./Source/timers.o
                0x000067f2                xTimerIsTimerActive
 .text.pvTimerGetTimerID
                0x00006842       0x46 ./Source/timers.o
                0x00006842                pvTimerGetTimerID
 .text.vTimerSetTimerID
                0x00006888       0x46 ./Source/timers.o
                0x00006888                vTimerSetTimerID
 .text.Handle_data
                0x000068ce       0xd0 ./PollingDataClient.o
                0x000068ce                Handle_data
 .text.State_Handler
                0x0000699e       0x6c ./PollingDataClient.o
                0x0000699e                State_Handler
 .text.RightLED_Blink
                0x00006a0a      0x264 ./PollingDataClient.o
                0x00006a0a                RightLED_Blink
 .text.LeftLED_Blink
                0x00006c6e      0x264 ./PollingDataClient.o
                0x00006c6e                LeftLED_Blink
 .text.BothLEDS_Blink
                0x00006ed2      0x25e ./PollingDataClient.o
                0x00006ed2                BothLEDS_Blink
 .text.NoLED_Blink
                0x00007130       0x14 ./PollingDataClient.o
                0x00007130                NoLED_Blink
 .text.timer1_PWM_Init
                0x00007144       0x5c ./Timer1_PWM.o
                0x00007144                timer1_PWM_Init
 .text.timer1_SetPWM_B
                0x000071a0       0xa6 ./Timer1_PWM.o
                0x000071a0                timer1_SetPWM_B
 .text.timer1_SetPWM_A
                0x00007246       0xa6 ./Timer1_PWM.o
                0x00007246                timer1_SetPWM_A
 .text.timer1_SetPWM_A_B
                0x000072ec       0xb2 ./Timer1_PWM.o
                0x000072ec                timer1_SetPWM_A_B
 .text.Timer2_Init_CTC_Mode
                0x0000739e       0x38 ./TimerCompareMode.o
                0x0000739e                Timer2_Init_CTC_Mode
 .text.Get_Data
                0x000073d6      0x192 ./device.o
                0x000073d6                Get_Data
 .text.GPIO_setupPinDirection
                0x00007568      0x1d6 ./gpio.o
                0x00007568                GPIO_setupPinDirection
 .text.GPIO_writePin
                0x0000773e      0x1d6 ./gpio.o
                0x0000773e                GPIO_writePin
 .text.GPIO_readPin
                0x00007914      0x136 ./gpio.o
                0x00007914                GPIO_readPin
 .text.GPIO_setupPortDirection
                0x00007a4a       0x88 ./gpio.o
                0x00007a4a                GPIO_setupPortDirection
 .text.GPIO_writePort
                0x00007ad2       0x88 ./gpio.o
                0x00007ad2                GPIO_writePort
 .text.GPIO_readPort
                0x00007b5a       0x8a ./gpio.o
                0x00007b5a                GPIO_readPort
 .text.DIO_init
                0x00007be4       0x82 ./gpio.o
                0x00007be4                DIO_init
 .text.DIO_ChannelGroupWrite
                0x00007c66      0x10c ./gpio.o
                0x00007c66                DIO_ChannelGroupWrite
 .text.DIO_ChannelGroupRead
                0x00007d72      0x134 ./gpio.o
                0x00007d72                DIO_ChannelGroupRead
 .text.LCD_init
                0x00007ea6      0x164 ./lcd.o
                0x00007ea6                LCD_init
 .text.LCD_sendCommand
                0x0000800a      0x8f6 ./lcd.o
                0x0000800a                LCD_sendCommand
 .text.LCD_displayCharacter
                0x00008900      0x8f6 ./lcd.o
                0x00008900                LCD_displayCharacter
 .text.LCD_displayString
                0x000091f6       0x52 ./lcd.o
                0x000091f6                LCD_displayString
 .text.LCD_moveCursor
                0x00009248       0x84 ./lcd.o
                0x00009248                LCD_moveCursor
 .text.LCD_displayStringRowColumn
                0x000092cc       0x32 ./lcd.o
                0x000092cc                LCD_displayStringRowColumn
 .text.LCD_intgerToString
                0x000092fe       0x46 ./lcd.o
                0x000092fe                LCD_intgerToString
 .text.LCD_clearScreen
                0x00009344       0x14 ./lcd.o
                0x00009344                LCD_clearScreen
 .text.main     0x00009358       0x66 ./main.o
                0x00009358                main
 .text.__vector_4
                0x000093be       0x54 ./main.o
                0x000093be                __vector_4
 .text.Task1_Func
                0x00009412       0x56 ./main.o
                0x00009412                Task1_Func
 .text.Task2_Func
                0x00009468       0x32 ./main.o
                0x00009468                Task2_Func
 .text.Poll     0x0000949a       0x7a ./poller.o
                0x0000949a                Poll
 .text.StartPolling
                0x00009514       0x1a ./poller.o
                0x00009514                StartPolling
 .text.StopPolling
                0x0000952e       0x16 ./poller.o
                0x0000952e                StopPolling
 .text.SetPollingTime
                0x00009544       0x30 ./poller.o
                0x00009544                SetPollingTime
 .text.libgcc   0x00009574       0x28 c:/winavr-20100110/bin/../lib/gcc/avr/4.3.3/avr5\libgcc.a(_udivmodhi4.o)
                0x00009574                __udivmodhi4
 .text.libgcc   0x0000959c       0x26 c:/winavr-20100110/bin/../lib/gcc/avr/4.3.3/avr5\libgcc.a(_divmodhi4.o)
                0x0000959c                __divmodhi4
                0x0000959c                _div
 .text.libgcc   0x000095c2        0x0 c:/winavr-20100110/bin/../lib/gcc/avr/4.3.3/avr5\libgcc.a(_exit.o)
 .text.libgcc   0x000095c2        0x0 c:/winavr-20100110/bin/../lib/gcc/avr/4.3.3/avr5\libgcc.a(_copy_data.o)
 .text.libgcc   0x000095c2        0x0 c:/winavr-20100110/bin/../lib/gcc/avr/4.3.3/avr5\libgcc.a(_clear_bss.o)
 .text.libgcc   0x000095c2       0x38 c:/winavr-20100110/bin/../lib/gcc/avr/4.3.3/avr5\libgcc.a(_prologue.o)
                0x000095c2                __prologue_saves__
 .text.libgcc   0x000095fa       0x36 c:/winavr-20100110/bin/../lib/gcc/avr/4.3.3/avr5\libgcc.a(_epilogue.o)
                0x000095fa                __epilogue_restores__
 .text.avr-libc
                0x00009630       0x12 c:/winavr-20100110/bin/../lib/gcc/avr/4.3.3/../../../../avr/lib/avr5\libc.a(memcpy.o)
                0x00009630                memcpy
 .text.avr-libc
                0x00009642        0xe c:/winavr-20100110/bin/../lib/gcc/avr/4.3.3/../../../../avr/lib/avr5\libc.a(memset.o)
                0x00009642                memset
 .text.avr-libc
                0x00009650       0x42 c:/winavr-20100110/bin/../lib/gcc/avr/4.3.3/../../../../avr/lib/avr5\libc.a(itoa.o)
                0x00009650                itoa
 .text.avr-libc
                0x00009692       0x20 c:/winavr-20100110/bin/../lib/gcc/avr/4.3.3/../../../../avr/lib/avr5\libc.a(strrev.o)
                0x00009692                strrev
                0x000096b2                . = ALIGN (0x2)
 *(.fini9)
 .fini9         0x000096b2        0x0 c:/winavr-20100110/bin/../lib/gcc/avr/4.3.3/avr5\libgcc.a(_exit.o)
                0x000096b2                exit
                0x000096b2                _exit
 *(.fini9)
 *(.fini8)
 *(.fini8)
 *(.fini7)
 *(.fini7)
 *(.fini6)
 *(.fini6)
 *(.fini5)
 *(.fini5)
 *(.fini4)
 *(.fini4)
 *(.fini3)
 *(.fini3)
 *(.fini2)
 *(.fini2)
 *(.fini1)
 *(.fini1)
 *(.fini0)
 .fini0         0x000096b2        0x4 c:/winavr-20100110/bin/../lib/gcc/avr/4.3.3/avr5\libgcc.a(_exit.o)
 *(.fini0)
                0x000096b6                _etext = .

.data           0x00800060      0x14a load address 0x000096b6
                0x00800060                PROVIDE (__data_start, .)
 *(.data)
 .data          0x00800060        0x0 c:/winavr-20100110/bin/../lib/gcc/avr/4.3.3/../../../../avr/lib/avr5/crtm32.o
 .data          0x00800060        0x0 ./Source/portable/MemMang/heap_1.o
 .data          0x00800060        0x0 ./Source/portable/GCC/ATMega323/port.o
 .data          0x00800060        0x0 ./Source/croutine.o
 .data          0x00800060        0x0 ./Source/event_groups.o
 .data          0x00800060        0x0 ./Source/list.o
 .data          0x00800060        0x0 ./Source/queue.o
 .data          0x00800060        0x5 ./Source/tasks.o
 .data          0x00800065        0x8 ./Source/timers.o
 .data          0x0080006d        0x0 ./DIO_config.o
 .data          0x0080006d        0xf ./PollingDataClient.o
 .data          0x0080007c        0x0 ./Timer1_PWM.o
 .data          0x0080007c        0x0 ./TimerCompareMode.o
 .data          0x0080007c        0x0 ./device.o
 .data          0x0080007c        0x0 ./gpio.o
 .data          0x0080007c        0x0 ./lcd.o
 .data          0x0080007c        0xd ./main.o
 .data          0x00800089        0x0 ./poller.o
 .data          0x00800089        0x0 c:/winavr-20100110/bin/../lib/gcc/avr/4.3.3/avr5\libgcc.a(_udivmodhi4.o)
 .data          0x00800089        0x0 c:/winavr-20100110/bin/../lib/gcc/avr/4.3.3/avr5\libgcc.a(_divmodhi4.o)
 .data          0x00800089        0x0 c:/winavr-20100110/bin/../lib/gcc/avr/4.3.3/avr5\libgcc.a(_exit.o)
 .data          0x00800089        0x0 c:/winavr-20100110/bin/../lib/gcc/avr/4.3.3/avr5\libgcc.a(_copy_data.o)
 .data          0x00800089        0x0 c:/winavr-20100110/bin/../lib/gcc/avr/4.3.3/avr5\libgcc.a(_clear_bss.o)
 .data          0x00800089        0x0 c:/winavr-20100110/bin/../lib/gcc/avr/4.3.3/avr5\libgcc.a(_fixunssfsi.o)
 .data          0x00800089        0x0 c:/winavr-20100110/bin/../lib/gcc/avr/4.3.3/avr5\libgcc.a(_addsub_sf.o)
 .data          0x00800089        0x0 c:/winavr-20100110/bin/../lib/gcc/avr/4.3.3/avr5\libgcc.a(_mul_sf.o)
 .data          0x00800089        0x0 c:/winavr-20100110/bin/../lib/gcc/avr/4.3.3/avr5\libgcc.a(_div_sf.o)
 .data          0x00800089        0x0 c:/winavr-20100110/bin/../lib/gcc/avr/4.3.3/avr5\libgcc.a(_gt_sf.o)
 .data          0x00800089        0x0 c:/winavr-20100110/bin/../lib/gcc/avr/4.3.3/avr5\libgcc.a(_ge_sf.o)
 .data          0x00800089        0x0 c:/winavr-20100110/bin/../lib/gcc/avr/4.3.3/avr5\libgcc.a(_lt_sf.o)
 .data          0x00800089        0x0 c:/winavr-20100110/bin/../lib/gcc/avr/4.3.3/avr5\libgcc.a(_sf_to_si.o)
 .data          0x00800089        0x8 c:/winavr-20100110/bin/../lib/gcc/avr/4.3.3/avr5\libgcc.a(_thenan_sf.o)
                0x00800089                __thenan_sf
 .data          0x00800091        0x0 c:/winavr-20100110/bin/../lib/gcc/avr/4.3.3/avr5\libgcc.a(_usi_to_sf.o)
 .data          0x00800091        0x0 c:/winavr-20100110/bin/../lib/gcc/avr/4.3.3/avr5\libgcc.a(_prologue.o)
 .data          0x00800091        0x0 c:/winavr-20100110/bin/../lib/gcc/avr/4.3.3/avr5\libgcc.a(_epilogue.o)
 .data          0x00800091        0x0 c:/winavr-20100110/bin/../lib/gcc/avr/4.3.3/avr5\libgcc.a(_clzsi2.o)
 .data          0x00800091        0x0 c:/winavr-20100110/bin/../lib/gcc/avr/4.3.3/avr5\libgcc.a(_pack_sf.o)
 .data          0x00800091        0x0 c:/winavr-20100110/bin/../lib/gcc/avr/4.3.3/avr5\libgcc.a(_unpack_sf.o)
 .data          0x00800091        0x0 c:/winavr-20100110/bin/../lib/gcc/avr/4.3.3/avr5\libgcc.a(_fpcmp_parts_sf.o)
 .data          0x00800091      0x100 c:/winavr-20100110/bin/../lib/gcc/avr/4.3.3/avr5\libgcc.a(_clz.o)
                0x00800091                __clz_tab
 .data          0x00800191        0x0 c:/winavr-20100110/bin/../lib/gcc/avr/4.3.3/../../../../avr/lib/avr5\libc.a(memcpy.o)
 .data          0x00800191        0x0 c:/winavr-20100110/bin/../lib/gcc/avr/4.3.3/../../../../avr/lib/avr5\libc.a(memset.o)
 .data          0x00800191        0x0 c:/winavr-20100110/bin/../lib/gcc/avr/4.3.3/../../../../avr/lib/avr5\libc.a(itoa.o)
 .data          0x00800191        0x0 c:/winavr-20100110/bin/../lib/gcc/avr/4.3.3/../../../../avr/lib/avr5\libc.a(strrev.o)
 *(.data*)
 .data.uxTopUsedPriority
                0x00800191        0x1 ./Source/tasks.o
                0x00800191                uxTopUsedPriority
 .data.hazardBtn_releaseFlag.1718
                0x00800192        0x1 ./device.o
 .data.polling_enabled
                0x00800193        0x2 ./poller.o
                0x00800193                polling_enabled
 .data.polling_counter
                0x00800195        0x2 ./poller.o
                0x00800195                polling_counter
 *(.rodata)
 *(.rodata*)
 .rodata.dio_config_array
                0x00800197       0x12 ./DIO_config.o
                0x00800197                dio_config_array
 *(.gnu.linkonce.d*)
                0x008001aa                . = ALIGN (0x2)
 *fill*         0x008001a9        0x1 00
                0x008001aa                _edata = .
                0x008001aa                PROVIDE (__data_end, .)

.bss            0x008001aa      0x6ad
                0x008001aa                PROVIDE (__bss_start, .)
 *(.bss)
 .bss           0x008001aa        0x0 c:/winavr-20100110/bin/../lib/gcc/avr/4.3.3/../../../../avr/lib/avr5/crtm32.o
 .bss           0x008001aa        0x0 ./Source/portable/MemMang/heap_1.o
 .bss           0x008001aa        0x0 ./Source/portable/GCC/ATMega323/port.o
 .bss           0x008001aa        0x0 ./Source/croutine.o
 .bss           0x008001aa        0x0 ./Source/event_groups.o
 .bss           0x008001aa        0x0 ./Source/list.o
 .bss           0x008001aa        0x0 ./Source/queue.o
 .bss           0x008001aa        0x0 ./Source/tasks.o
 .bss           0x008001aa        0x0 ./Source/timers.o
 .bss           0x008001aa        0x0 ./DIO_config.o
 .bss           0x008001aa        0x0 ./PollingDataClient.o
 .bss           0x008001aa        0x0 ./Timer1_PWM.o
 .bss           0x008001aa        0x0 ./TimerCompareMode.o
 .bss           0x008001aa        0x0 ./device.o
 .bss           0x008001aa        0x0 ./gpio.o
 .bss           0x008001aa        0x0 ./lcd.o
 .bss           0x008001aa        0x0 ./main.o
 .bss           0x008001aa        0x0 ./poller.o
 .bss           0x008001aa        0x0 c:/winavr-20100110/bin/../lib/gcc/avr/4.3.3/avr5\libgcc.a(_udivmodhi4.o)
 .bss           0x008001aa        0x0 c:/winavr-20100110/bin/../lib/gcc/avr/4.3.3/avr5\libgcc.a(_divmodhi4.o)
 .bss           0x008001aa        0x0 c:/winavr-20100110/bin/../lib/gcc/avr/4.3.3/avr5\libgcc.a(_exit.o)
 .bss           0x008001aa        0x0 c:/winavr-20100110/bin/../lib/gcc/avr/4.3.3/avr5\libgcc.a(_copy_data.o)
 .bss           0x008001aa        0x0 c:/winavr-20100110/bin/../lib/gcc/avr/4.3.3/avr5\libgcc.a(_clear_bss.o)
 .bss           0x008001aa        0x0 c:/winavr-20100110/bin/../lib/gcc/avr/4.3.3/avr5\libgcc.a(_fixunssfsi.o)
 .bss           0x008001aa        0x0 c:/winavr-20100110/bin/../lib/gcc/avr/4.3.3/avr5\libgcc.a(_addsub_sf.o)
 .bss           0x008001aa        0x0 c:/winavr-20100110/bin/../lib/gcc/avr/4.3.3/avr5\libgcc.a(_mul_sf.o)
 .bss           0x008001aa        0x0 c:/winavr-20100110/bin/../lib/gcc/avr/4.3.3/avr5\libgcc.a(_div_sf.o)
 .bss           0x008001aa        0x0 c:/winavr-20100110/bin/../lib/gcc/avr/4.3.3/avr5\libgcc.a(_gt_sf.o)
 .bss           0x008001aa        0x0 c:/winavr-20100110/bin/../lib/gcc/avr/4.3.3/avr5\libgcc.a(_ge_sf.o)
 .bss           0x008001aa        0x0 c:/winavr-20100110/bin/../lib/gcc/avr/4.3.3/avr5\libgcc.a(_lt_sf.o)
 .bss           0x008001aa        0x0 c:/winavr-20100110/bin/../lib/gcc/avr/4.3.3/avr5\libgcc.a(_sf_to_si.o)
 .bss           0x008001aa        0x0 c:/winavr-20100110/bin/../lib/gcc/avr/4.3.3/avr5\libgcc.a(_thenan_sf.o)
 .bss           0x008001aa        0x0 c:/winavr-20100110/bin/../lib/gcc/avr/4.3.3/avr5\libgcc.a(_usi_to_sf.o)
 .bss           0x008001aa        0x0 c:/winavr-20100110/bin/../lib/gcc/avr/4.3.3/avr5\libgcc.a(_prologue.o)
 .bss           0x008001aa        0x0 c:/winavr-20100110/bin/../lib/gcc/avr/4.3.3/avr5\libgcc.a(_epilogue.o)
 .bss           0x008001aa        0x0 c:/winavr-20100110/bin/../lib/gcc/avr/4.3.3/avr5\libgcc.a(_clzsi2.o)
 .bss           0x008001aa        0x0 c:/winavr-20100110/bin/../lib/gcc/avr/4.3.3/avr5\libgcc.a(_pack_sf.o)
 .bss           0x008001aa        0x0 c:/winavr-20100110/bin/../lib/gcc/avr/4.3.3/avr5\libgcc.a(_unpack_sf.o)
 .bss           0x008001aa        0x0 c:/winavr-20100110/bin/../lib/gcc/avr/4.3.3/avr5\libgcc.a(_fpcmp_parts_sf.o)
 .bss           0x008001aa        0x0 c:/winavr-20100110/bin/../lib/gcc/avr/4.3.3/avr5\libgcc.a(_clz.o)
 .bss           0x008001aa        0x0 c:/winavr-20100110/bin/../lib/gcc/avr/4.3.3/../../../../avr/lib/avr5\libc.a(memcpy.o)
 .bss           0x008001aa        0x0 c:/winavr-20100110/bin/../lib/gcc/avr/4.3.3/../../../../avr/lib/avr5\libc.a(memset.o)
 .bss           0x008001aa        0x0 c:/winavr-20100110/bin/../lib/gcc/avr/4.3.3/../../../../avr/lib/avr5\libc.a(itoa.o)
 .bss           0x008001aa        0x0 c:/winavr-20100110/bin/../lib/gcc/avr/4.3.3/../../../../avr/lib/avr5\libc.a(strrev.o)
 *(.bss*)
 .bss.xNextFreeByte
                0x008001aa        0x2 ./Source/portable/MemMang/heap_1.o
 .bss.pucAlignedHeap.1670
                0x008001ac        0x2 ./Source/portable/MemMang/heap_1.o
 .bss.ucHeap    0x008001ae      0x5dc ./Source/portable/MemMang/heap_1.o
 .bss.pxDelayedCoRoutineList
                0x0080078a        0x2 ./Source/croutine.o
 .bss.pxOverflowDelayedCoRoutineList
                0x0080078c        0x2 ./Source/croutine.o
 .bss.pxCurrentCoRoutine
                0x0080078e        0x2 ./Source/croutine.o
                0x0080078e                pxCurrentCoRoutine
 .bss.uxTopCoRoutineReadyPriority
                0x00800790        0x1 ./Source/croutine.o
 .bss.xCoRoutineTickCount
                0x00800791        0x2 ./Source/croutine.o
 .bss.xLastTickCount
                0x00800793        0x2 ./Source/croutine.o
 .bss.xPassedTicks
                0x00800795        0x2 ./Source/croutine.o
 .bss.pxReadyCoRoutineLists
                0x00800797       0x12 ./Source/croutine.o
 .bss.xDelayedCoRoutineList1
                0x008007a9        0x9 ./Source/croutine.o
 .bss.xDelayedCoRoutineList2
                0x008007b2        0x9 ./Source/croutine.o
 .bss.xPendingReadyCoRoutineList
                0x008007bb        0x9 ./Source/croutine.o
 .bss.pxCurrentTCB
                0x008007c4        0x2 ./Source/tasks.o
                0x008007c4                pxCurrentTCB
 .bss.uxDeletedTasksWaitingCleanUp
                0x008007c6        0x1 ./Source/tasks.o
 .bss.uxCurrentNumberOfTasks
                0x008007c7        0x1 ./Source/tasks.o
 .bss.xTickCount
                0x008007c8        0x2 ./Source/tasks.o
 .bss.uxTopReadyPriority
                0x008007ca        0x1 ./Source/tasks.o
 .bss.xSchedulerRunning
                0x008007cb        0x1 ./Source/tasks.o
 .bss.xPendedTicks
                0x008007cc        0x2 ./Source/tasks.o
 .bss.xYieldPending
                0x008007ce        0x1 ./Source/tasks.o
 .bss.xNumOfOverflows
                0x008007cf        0x1 ./Source/tasks.o
 .bss.uxTaskNumber
                0x008007d0        0x1 ./Source/tasks.o
 .bss.xNextTaskUnblockTime
                0x008007d1        0x2 ./Source/tasks.o
 .bss.xIdleTaskHandle
                0x008007d3        0x2 ./Source/tasks.o
 .bss.uxSchedulerSuspended
                0x008007d5        0x1 ./Source/tasks.o
 .bss.pxReadyTasksLists
                0x008007d6       0x24 ./Source/tasks.o
 .bss.xDelayedTaskList1
                0x008007fa        0x9 ./Source/tasks.o
 .bss.xDelayedTaskList2
                0x00800803        0x9 ./Source/tasks.o
 .bss.pxDelayedTaskList
                0x0080080c        0x2 ./Source/tasks.o
 .bss.pxOverflowDelayedTaskList
                0x0080080e        0x2 ./Source/tasks.o
 .bss.xPendingReadyList
                0x00800810        0x9 ./Source/tasks.o
 .bss.xTasksWaitingTermination
                0x00800819        0x9 ./Source/tasks.o
 .bss.xTimerQueue
                0x00800822        0x2 ./Source/timers.o
 .bss.xTimerTaskHandle
                0x00800824        0x2 ./Source/timers.o
 .bss.xLastTime.2087
                0x00800826        0x2 ./Source/timers.o
 .bss.xActiveTimerList1
                0x00800828        0x9 ./Source/timers.o
 .bss.xActiveTimerList2
                0x00800831        0x9 ./Source/timers.o
 .bss.pxCurrentTimerList
                0x0080083a        0x2 ./Source/timers.o
 .bss.pxOverflowTimerList
                0x0080083c        0x2 ./Source/timers.o
 .bss.ButtonState.1719
                0x0080083e        0x4 ./device.o
 .bss.timeCounter
                0x00800842        0x4 ./main.o
                0x00800842                timeCounter
 .bss.HandlerFlag
                0x00800846        0x1 ./main.o
                0x00800846                HandlerFlag
 .bss.ButtonStateTest
                0x00800847        0x4 ./main.o
                0x00800847                ButtonStateTest
 .bss.counter   0x0080084b        0x2 ./poller.o
                0x0080084b                counter
 *(COMMON)
 COMMON         0x0080084d        0x1 ./PollingDataClient.o
                0x0080084d                state
 COMMON         0x0080084e        0x4 ./Timer1_PWM.o
                0x0080084e                TopValue
 COMMON         0x00800852        0x1 ./device.o
                0x00800852                data
 COMMON         0x00800853        0x4 ./main.o
                0x00800853                task2ptr
                0x00800855                task1ptr
                0x00800857                PROVIDE (__bss_end, .)
                0x000096b6                __data_load_start = LOADADDR (.data)
                0x00009800                __data_load_end = (__data_load_start + SIZEOF (.data))

.noinit         0x00800857        0x0
                0x00800857                PROVIDE (__noinit_start, .)
 *(.noinit*)
                0x00800857                PROVIDE (__noinit_end, .)
                0x00800857                _end = .
                0x00800857                PROVIDE (__heap_start, .)

.eeprom         0x00810000        0x0
 *(.eeprom*)
                0x00810000                __eeprom_end = .

.fuse
 *(.fuse)
 *(.lfuse)
 *(.hfuse)
 *(.efuse)

.lock
 *(.lock*)

.signature
 *(.signature*)

.stab           0x00000000     0xb670
 *(.stab)
 .stab          0x00000000      0x7d4 ./Source/portable/MemMang/heap_1.o
 .stab          0x000007d4      0x840 ./Source/portable/GCC/ATMega323/port.o
                                0xcfc (size before relaxing)
 .stab          0x00001014      0x99c ./Source/croutine.o
                                0xcd8 (size before relaxing)
 .stab          0x000019b0      0xc6c ./Source/event_groups.o
                               0x1134 (size before relaxing)
 .stab          0x0000261c      0x474 ./Source/list.o
                                0x870 (size before relaxing)
 .stab          0x00002a90     0x2070 ./Source/queue.o
                               0x2574 (size before relaxing)
 .stab          0x00004b00     0x2634 ./Source/tasks.o
                               0x2b2c (size before relaxing)
 .stab          0x00007134     0x1194 ./Source/timers.o
                               0x16bc (size before relaxing)
 .stab          0x000082c8      0x1e0 ./DIO_config.o
                                0x1ec (size before relaxing)
 .stab          0x000084a8      0x93c ./PollingDataClient.o
                                0xbac (size before relaxing)
 .stab          0x00008de4      0x2d0 ./Timer1_PWM.o
                                0x48c (size before relaxing)
 .stab          0x000090b4      0x174 ./TimerCompareMode.o
                                0x330 (size before relaxing)
 .stab          0x00009228      0x5d0 ./device.o
                                0x984 (size before relaxing)
 .stab          0x000097f8      0x8f4 ./gpio.o
                                0xb94 (size before relaxing)
 .stab          0x0000a0ec     0x1020 ./lcd.o
                               0x129c (size before relaxing)
 .stab          0x0000b10c      0x324 ./main.o
                                0x8d0 (size before relaxing)
 .stab          0x0000b430      0x240 ./poller.o
                                0x348 (size before relaxing)

.stabstr        0x00000000     0x65f3
 *(.stabstr)
 .stabstr       0x00000000     0x65f3 ./Source/portable/MemMang/heap_1.o

.stab.excl
 *(.stab.excl)

.stab.exclstr
 *(.stab.exclstr)

.stab.index
 *(.stab.index)

.stab.indexstr
 *(.stab.indexstr)

.comment
 *(.comment)

.debug
 *(.debug)

.line
 *(.line)

.debug_srcinfo
 *(.debug_srcinfo)

.debug_sfnames
 *(.debug_sfnames)

.debug_aranges  0x00000000      0x1a0
 *(.debug_aranges)
 .debug_aranges
                0x00000000       0x20 c:/winavr-20100110/bin/../lib/gcc/avr/4.3.3/avr5\libgcc.a(_fixunssfsi.o)
 .debug_aranges
                0x00000020       0x20 c:/winavr-20100110/bin/../lib/gcc/avr/4.3.3/avr5\libgcc.a(_addsub_sf.o)
 .debug_aranges
                0x00000040       0x20 c:/winavr-20100110/bin/../lib/gcc/avr/4.3.3/avr5\libgcc.a(_mul_sf.o)
 .debug_aranges
                0x00000060       0x20 c:/winavr-20100110/bin/../lib/gcc/avr/4.3.3/avr5\libgcc.a(_div_sf.o)
 .debug_aranges
                0x00000080       0x20 c:/winavr-20100110/bin/../lib/gcc/avr/4.3.3/avr5\libgcc.a(_gt_sf.o)
 .debug_aranges
                0x000000a0       0x20 c:/winavr-20100110/bin/../lib/gcc/avr/4.3.3/avr5\libgcc.a(_ge_sf.o)
 .debug_aranges
                0x000000c0       0x20 c:/winavr-20100110/bin/../lib/gcc/avr/4.3.3/avr5\libgcc.a(_lt_sf.o)
 .debug_aranges
                0x000000e0       0x20 c:/winavr-20100110/bin/../lib/gcc/avr/4.3.3/avr5\libgcc.a(_sf_to_si.o)
 .debug_aranges
                0x00000100       0x20 c:/winavr-20100110/bin/../lib/gcc/avr/4.3.3/avr5\libgcc.a(_usi_to_sf.o)
 .debug_aranges
                0x00000120       0x20 c:/winavr-20100110/bin/../lib/gcc/avr/4.3.3/avr5\libgcc.a(_clzsi2.o)
 .debug_aranges
                0x00000140       0x20 c:/winavr-20100110/bin/../lib/gcc/avr/4.3.3/avr5\libgcc.a(_pack_sf.o)
 .debug_aranges
                0x00000160       0x20 c:/winavr-20100110/bin/../lib/gcc/avr/4.3.3/avr5\libgcc.a(_unpack_sf.o)
 .debug_aranges
                0x00000180       0x20 c:/winavr-20100110/bin/../lib/gcc/avr/4.3.3/avr5\libgcc.a(_fpcmp_parts_sf.o)

.debug_pubnames
                0x00000000      0x1f2
 *(.debug_pubnames)
 .debug_pubnames
                0x00000000       0x23 c:/winavr-20100110/bin/../lib/gcc/avr/4.3.3/avr5\libgcc.a(_fixunssfsi.o)
 .debug_pubnames
                0x00000023       0x2c c:/winavr-20100110/bin/../lib/gcc/avr/4.3.3/avr5\libgcc.a(_addsub_sf.o)
 .debug_pubnames
                0x0000004f       0x1f c:/winavr-20100110/bin/../lib/gcc/avr/4.3.3/avr5\libgcc.a(_mul_sf.o)
 .debug_pubnames
                0x0000006e       0x1f c:/winavr-20100110/bin/../lib/gcc/avr/4.3.3/avr5\libgcc.a(_div_sf.o)
 .debug_pubnames
                0x0000008d       0x1e c:/winavr-20100110/bin/../lib/gcc/avr/4.3.3/avr5\libgcc.a(_gt_sf.o)
 .debug_pubnames
                0x000000ab       0x1e c:/winavr-20100110/bin/../lib/gcc/avr/4.3.3/avr5\libgcc.a(_ge_sf.o)
 .debug_pubnames
                0x000000c9       0x1e c:/winavr-20100110/bin/../lib/gcc/avr/4.3.3/avr5\libgcc.a(_lt_sf.o)
 .debug_pubnames
                0x000000e7       0x20 c:/winavr-20100110/bin/../lib/gcc/avr/4.3.3/avr5\libgcc.a(_sf_to_si.o)
 .debug_pubnames
                0x00000107       0x22 c:/winavr-20100110/bin/../lib/gcc/avr/4.3.3/avr5\libgcc.a(_thenan_sf.o)
 .debug_pubnames
                0x00000129       0x24 c:/winavr-20100110/bin/../lib/gcc/avr/4.3.3/avr5\libgcc.a(_usi_to_sf.o)
 .debug_pubnames
                0x0000014d       0x1f c:/winavr-20100110/bin/../lib/gcc/avr/4.3.3/avr5\libgcc.a(_clzsi2.o)
 .debug_pubnames
                0x0000016c       0x1f c:/winavr-20100110/bin/../lib/gcc/avr/4.3.3/avr5\libgcc.a(_pack_sf.o)
 .debug_pubnames
                0x0000018b       0x21 c:/winavr-20100110/bin/../lib/gcc/avr/4.3.3/avr5\libgcc.a(_unpack_sf.o)
 .debug_pubnames
                0x000001ac       0x26 c:/winavr-20100110/bin/../lib/gcc/avr/4.3.3/avr5\libgcc.a(_fpcmp_parts_sf.o)
 .debug_pubnames
                0x000001d2       0x20 c:/winavr-20100110/bin/../lib/gcc/avr/4.3.3/avr5\libgcc.a(_clz.o)

.debug_info     0x00000000     0x240b
 *(.debug_info)
 .debug_info    0x00000000       0xb1 c:/winavr-20100110/bin/../lib/gcc/avr/4.3.3/avr5\libgcc.a(_fixunssfsi.o)
 .debug_info    0x000000b1      0x47a c:/winavr-20100110/bin/../lib/gcc/avr/4.3.3/avr5\libgcc.a(_addsub_sf.o)
 .debug_info    0x0000052b      0x485 c:/winavr-20100110/bin/../lib/gcc/avr/4.3.3/avr5\libgcc.a(_mul_sf.o)
 .debug_info    0x000009b0      0x3fc c:/winavr-20100110/bin/../lib/gcc/avr/4.3.3/avr5\libgcc.a(_div_sf.o)
 .debug_info    0x00000dac      0x27f c:/winavr-20100110/bin/../lib/gcc/avr/4.3.3/avr5\libgcc.a(_gt_sf.o)
 .debug_info    0x0000102b      0x27f c:/winavr-20100110/bin/../lib/gcc/avr/4.3.3/avr5\libgcc.a(_ge_sf.o)
 .debug_info    0x000012aa      0x27f c:/winavr-20100110/bin/../lib/gcc/avr/4.3.3/avr5\libgcc.a(_lt_sf.o)
 .debug_info    0x00001529      0x2b0 c:/winavr-20100110/bin/../lib/gcc/avr/4.3.3/avr5\libgcc.a(_sf_to_si.o)
 .debug_info    0x000017d9      0x12c c:/winavr-20100110/bin/../lib/gcc/avr/4.3.3/avr5\libgcc.a(_thenan_sf.o)
 .debug_info    0x00001905      0x206 c:/winavr-20100110/bin/../lib/gcc/avr/4.3.3/avr5\libgcc.a(_usi_to_sf.o)
 .debug_info    0x00001b0b      0x117 c:/winavr-20100110/bin/../lib/gcc/avr/4.3.3/avr5\libgcc.a(_clzsi2.o)
 .debug_info    0x00001c22      0x2df c:/winavr-20100110/bin/../lib/gcc/avr/4.3.3/avr5\libgcc.a(_pack_sf.o)
 .debug_info    0x00001f01      0x251 c:/winavr-20100110/bin/../lib/gcc/avr/4.3.3/avr5\libgcc.a(_unpack_sf.o)
 .debug_info    0x00002152      0x210 c:/winavr-20100110/bin/../lib/gcc/avr/4.3.3/avr5\libgcc.a(_fpcmp_parts_sf.o)
 .debug_info    0x00002362       0xa9 c:/winavr-20100110/bin/../lib/gcc/avr/4.3.3/avr5\libgcc.a(_clz.o)
 *(.gnu.linkonce.wi.*)

.debug_abbrev   0x00000000     0x1386
 *(.debug_abbrev)
 .debug_abbrev  0x00000000       0x5d c:/winavr-20100110/bin/../lib/gcc/avr/4.3.3/avr5\libgcc.a(_fixunssfsi.o)
 .debug_abbrev  0x0000005d      0x1ea c:/winavr-20100110/bin/../lib/gcc/avr/4.3.3/avr5\libgcc.a(_addsub_sf.o)
 .debug_abbrev  0x00000247      0x21b c:/winavr-20100110/bin/../lib/gcc/avr/4.3.3/avr5\libgcc.a(_mul_sf.o)
 .debug_abbrev  0x00000462      0x216 c:/winavr-20100110/bin/../lib/gcc/avr/4.3.3/avr5\libgcc.a(_div_sf.o)
 .debug_abbrev  0x00000678      0x15a c:/winavr-20100110/bin/../lib/gcc/avr/4.3.3/avr5\libgcc.a(_gt_sf.o)
 .debug_abbrev  0x000007d2      0x15a c:/winavr-20100110/bin/../lib/gcc/avr/4.3.3/avr5\libgcc.a(_ge_sf.o)
 .debug_abbrev  0x0000092c      0x15a c:/winavr-20100110/bin/../lib/gcc/avr/4.3.3/avr5\libgcc.a(_lt_sf.o)
 .debug_abbrev  0x00000a86      0x17f c:/winavr-20100110/bin/../lib/gcc/avr/4.3.3/avr5\libgcc.a(_sf_to_si.o)
 .debug_abbrev  0x00000c05       0xad c:/winavr-20100110/bin/../lib/gcc/avr/4.3.3/avr5\libgcc.a(_thenan_sf.o)
 .debug_abbrev  0x00000cb2      0x157 c:/winavr-20100110/bin/../lib/gcc/avr/4.3.3/avr5\libgcc.a(_usi_to_sf.o)
 .debug_abbrev  0x00000e09       0xc4 c:/winavr-20100110/bin/../lib/gcc/avr/4.3.3/avr5\libgcc.a(_clzsi2.o)
 .debug_abbrev  0x00000ecd      0x1c0 c:/winavr-20100110/bin/../lib/gcc/avr/4.3.3/avr5\libgcc.a(_pack_sf.o)
 .debug_abbrev  0x0000108d      0x154 c:/winavr-20100110/bin/../lib/gcc/avr/4.3.3/avr5\libgcc.a(_unpack_sf.o)
 .debug_abbrev  0x000011e1      0x13b c:/winavr-20100110/bin/../lib/gcc/avr/4.3.3/avr5\libgcc.a(_fpcmp_parts_sf.o)
 .debug_abbrev  0x0000131c       0x6a c:/winavr-20100110/bin/../lib/gcc/avr/4.3.3/avr5\libgcc.a(_clz.o)

.debug_line     0x00000000     0x11d6
 *(.debug_line)
 .debug_line    0x00000000       0xa7 c:/winavr-20100110/bin/../lib/gcc/avr/4.3.3/avr5\libgcc.a(_fixunssfsi.o)
 .debug_line    0x000000a7      0x2af c:/winavr-20100110/bin/../lib/gcc/avr/4.3.3/avr5\libgcc.a(_addsub_sf.o)
 .debug_line    0x00000356      0x239 c:/winavr-20100110/bin/../lib/gcc/avr/4.3.3/avr5\libgcc.a(_mul_sf.o)
 .debug_line    0x0000058f      0x1d5 c:/winavr-20100110/bin/../lib/gcc/avr/4.3.3/avr5\libgcc.a(_div_sf.o)
 .debug_line    0x00000764       0xd3 c:/winavr-20100110/bin/../lib/gcc/avr/4.3.3/avr5\libgcc.a(_gt_sf.o)
 .debug_line    0x00000837       0xd3 c:/winavr-20100110/bin/../lib/gcc/avr/4.3.3/avr5\libgcc.a(_ge_sf.o)
 .debug_line    0x0000090a       0xd3 c:/winavr-20100110/bin/../lib/gcc/avr/4.3.3/avr5\libgcc.a(_lt_sf.o)
 .debug_line    0x000009dd      0x109 c:/winavr-20100110/bin/../lib/gcc/avr/4.3.3/avr5\libgcc.a(_sf_to_si.o)
 .debug_line    0x00000ae6       0x90 c:/winavr-20100110/bin/../lib/gcc/avr/4.3.3/avr5\libgcc.a(_thenan_sf.o)
 .debug_line    0x00000b76      0x133 c:/winavr-20100110/bin/../lib/gcc/avr/4.3.3/avr5\libgcc.a(_usi_to_sf.o)
 .debug_line    0x00000ca9       0xa5 c:/winavr-20100110/bin/../lib/gcc/avr/4.3.3/avr5\libgcc.a(_clzsi2.o)
 .debug_line    0x00000d4e      0x18a c:/winavr-20100110/bin/../lib/gcc/avr/4.3.3/avr5\libgcc.a(_pack_sf.o)
 .debug_line    0x00000ed8      0x14b c:/winavr-20100110/bin/../lib/gcc/avr/4.3.3/avr5\libgcc.a(_unpack_sf.o)
 .debug_line    0x00001023      0x137 c:/winavr-20100110/bin/../lib/gcc/avr/4.3.3/avr5\libgcc.a(_fpcmp_parts_sf.o)
 .debug_line    0x0000115a       0x7c c:/winavr-20100110/bin/../lib/gcc/avr/4.3.3/avr5\libgcc.a(_clz.o)

.debug_frame    0x00000000      0x1c0
 *(.debug_frame)
 .debug_frame   0x00000000       0x20 c:/winavr-20100110/bin/../lib/gcc/avr/4.3.3/avr5\libgcc.a(_fixunssfsi.o)
 .debug_frame   0x00000020       0x40 c:/winavr-20100110/bin/../lib/gcc/avr/4.3.3/avr5\libgcc.a(_addsub_sf.o)
 .debug_frame   0x00000060       0x20 c:/winavr-20100110/bin/../lib/gcc/avr/4.3.3/avr5\libgcc.a(_mul_sf.o)
 .debug_frame   0x00000080       0x20 c:/winavr-20100110/bin/../lib/gcc/avr/4.3.3/avr5\libgcc.a(_div_sf.o)
 .debug_frame   0x000000a0       0x20 c:/winavr-20100110/bin/../lib/gcc/avr/4.3.3/avr5\libgcc.a(_gt_sf.o)
 .debug_frame   0x000000c0       0x20 c:/winavr-20100110/bin/../lib/gcc/avr/4.3.3/avr5\libgcc.a(_ge_sf.o)
 .debug_frame   0x000000e0       0x20 c:/winavr-20100110/bin/../lib/gcc/avr/4.3.3/avr5\libgcc.a(_lt_sf.o)
 .debug_frame   0x00000100       0x20 c:/winavr-20100110/bin/../lib/gcc/avr/4.3.3/avr5\libgcc.a(_sf_to_si.o)
 .debug_frame   0x00000120       0x20 c:/winavr-20100110/bin/../lib/gcc/avr/4.3.3/avr5\libgcc.a(_usi_to_sf.o)
 .debug_frame   0x00000140       0x20 c:/winavr-20100110/bin/../lib/gcc/avr/4.3.3/avr5\libgcc.a(_clzsi2.o)
 .debug_frame   0x00000160       0x20 c:/winavr-20100110/bin/../lib/gcc/avr/4.3.3/avr5\libgcc.a(_pack_sf.o)
 .debug_frame   0x00000180       0x20 c:/winavr-20100110/bin/../lib/gcc/avr/4.3.3/avr5\libgcc.a(_unpack_sf.o)
 .debug_frame   0x000001a0       0x20 c:/winavr-20100110/bin/../lib/gcc/avr/4.3.3/avr5\libgcc.a(_fpcmp_parts_sf.o)

.debug_str      0x00000000      0x2f6
 *(.debug_str)
 .debug_str     0x00000000       0xbf c:/winavr-20100110/bin/../lib/gcc/avr/4.3.3/avr5\libgcc.a(_fixunssfsi.o)
                                 0xfe (size before relaxing)
 .debug_str     0x000000bf      0x14d c:/winavr-20100110/bin/../lib/gcc/avr/4.3.3/avr5\libgcc.a(_addsub_sf.o)
                                0x206 (size before relaxing)
 .debug_str     0x0000020c       0x27 c:/winavr-20100110/bin/../lib/gcc/avr/4.3.3/avr5\libgcc.a(_mul_sf.o)
                                0x1bf (size before relaxing)
 .debug_str     0x00000233       0x35 c:/winavr-20100110/bin/../lib/gcc/avr/4.3.3/avr5\libgcc.a(_div_sf.o)
                                0x1c8 (size before relaxing)
 .debug_str     0x00000268        0x8 c:/winavr-20100110/bin/../lib/gcc/avr/4.3.3/avr5\libgcc.a(_gt_sf.o)
                                0x195 (size before relaxing)
 .debug_str     0x00000270        0x8 c:/winavr-20100110/bin/../lib/gcc/avr/4.3.3/avr5\libgcc.a(_ge_sf.o)
                                0x195 (size before relaxing)
 .debug_str     0x00000278        0x8 c:/winavr-20100110/bin/../lib/gcc/avr/4.3.3/avr5\libgcc.a(_lt_sf.o)
                                0x195 (size before relaxing)
 .debug_str     0x00000280        0xa c:/winavr-20100110/bin/../lib/gcc/avr/4.3.3/avr5\libgcc.a(_sf_to_si.o)
                                0x19e (size before relaxing)
 .debug_str     0x00000000      0x103 c:/winavr-20100110/bin/../lib/gcc/avr/4.3.3/avr5\libgcc.a(_thenan_sf.o)
 .debug_str     0x0000028a       0x21 c:/winavr-20100110/bin/../lib/gcc/avr/4.3.3/avr5\libgcc.a(_usi_to_sf.o)
                                0x177 (size before relaxing)
 .debug_str     0x000002ab       0x20 c:/winavr-20100110/bin/../lib/gcc/avr/4.3.3/avr5\libgcc.a(_clzsi2.o)
                                0x111 (size before relaxing)
 .debug_str     0x000002cb       0x10 c:/winavr-20100110/bin/../lib/gcc/avr/4.3.3/avr5\libgcc.a(_pack_sf.o)
                                0x19d (size before relaxing)
 .debug_str     0x000002db        0xb c:/winavr-20100110/bin/../lib/gcc/avr/4.3.3/avr5\libgcc.a(_unpack_sf.o)
                                0x17f (size before relaxing)
 .debug_str     0x000002e6       0x10 c:/winavr-20100110/bin/../lib/gcc/avr/4.3.3/avr5\libgcc.a(_fpcmp_parts_sf.o)
                                0x163 (size before relaxing)
 .debug_str     0x00000000       0xf4 c:/winavr-20100110/bin/../lib/gcc/avr/4.3.3/avr5\libgcc.a(_clz.o)

.debug_loc      0x00000000      0x96e
 *(.debug_loc)
 .debug_loc     0x00000000       0x34 c:/winavr-20100110/bin/../lib/gcc/avr/4.3.3/avr5\libgcc.a(_fixunssfsi.o)
 .debug_loc     0x00000034      0x32a c:/winavr-20100110/bin/../lib/gcc/avr/4.3.3/avr5\libgcc.a(_addsub_sf.o)
 .debug_loc     0x0000035e      0x104 c:/winavr-20100110/bin/../lib/gcc/avr/4.3.3/avr5\libgcc.a(_mul_sf.o)
 .debug_loc     0x00000462       0xc0 c:/winavr-20100110/bin/../lib/gcc/avr/4.3.3/avr5\libgcc.a(_div_sf.o)
 .debug_loc     0x00000522       0x3c c:/winavr-20100110/bin/../lib/gcc/avr/4.3.3/avr5\libgcc.a(_gt_sf.o)
 .debug_loc     0x0000055e       0x3c c:/winavr-20100110/bin/../lib/gcc/avr/4.3.3/avr5\libgcc.a(_ge_sf.o)
 .debug_loc     0x0000059a       0x3c c:/winavr-20100110/bin/../lib/gcc/avr/4.3.3/avr5\libgcc.a(_lt_sf.o)
 .debug_loc     0x000005d6       0x7e c:/winavr-20100110/bin/../lib/gcc/avr/4.3.3/avr5\libgcc.a(_sf_to_si.o)
 .debug_loc     0x00000654       0x4c c:/winavr-20100110/bin/../lib/gcc/avr/4.3.3/avr5\libgcc.a(_usi_to_sf.o)
 .debug_loc     0x000006a0       0x94 c:/winavr-20100110/bin/../lib/gcc/avr/4.3.3/avr5\libgcc.a(_clzsi2.o)
 .debug_loc     0x00000734      0x13e c:/winavr-20100110/bin/../lib/gcc/avr/4.3.3/avr5\libgcc.a(_pack_sf.o)
 .debug_loc     0x00000872       0xac c:/winavr-20100110/bin/../lib/gcc/avr/4.3.3/avr5\libgcc.a(_unpack_sf.o)
 .debug_loc     0x0000091e       0x50 c:/winavr-20100110/bin/../lib/gcc/avr/4.3.3/avr5\libgcc.a(_fpcmp_parts_sf.o)

.debug_macinfo
 *(.debug_macinfo)
OUTPUT(Vehicle-Direction-FinalProject.elf elf32-avr)
LOAD linker stubs

.debug_ranges   0x00000000       0x50
 .debug_ranges  0x00000000       0x50 c:/winavr-20100110/bin/../lib/gcc/avr/4.3.3/avr5\libgcc.a(_mul_sf.o)
